Component: ARM Compiler 6.16 Tool: armlink [5dfea300]

==============================================================================

Memory Map of the image

  Image Entry point : 0x08000195

  Load Region LR_IROM1 (Base: 0x08000000, Size: 0x00026830, Max: 0x00080000, ABSOLUTE, COMPRESSED[0x000266d8])

    Execution Region ER_IROM1 (Base: 0x08000000, Size: 0x00026648, Max: 0x00080000, ABSOLUTE)

    Base Addr    Size         Type   Attr      Idx    E Section Name        Object

    0x08000000   0x00000194   Data   RO        31885    RESET               BUILD/NUCLEO_F401RE/ARMC6/mbed-os/targets/TARGET_STM/TARGET_STM32F4/TARGET_STM32F401xE/device/TOOLCHAIN_ARM_STD/startup_stm32f401xe.o
    0x08000194   0x00000008   Code   RO        34945  * !!!main             /Library/Application Support/Mbed Studio/mbed-studio-tools/ac6/bin/../lib/armlib/c_w.l(__main.o)
    0x0800019c   0x00000034   Code   RO        35555    !!!scatter          /Library/Application Support/Mbed Studio/mbed-studio-tools/ac6/bin/../lib/armlib/c_w.l(__scatter.o)
    0x080001d0   0x0000005a   Code   RO        35553    !!dczerorl2         /Library/Application Support/Mbed Studio/mbed-studio-tools/ac6/bin/../lib/armlib/c_w.l(__dczerorl2.o)
    0x0800022a   0x00000002   PAD
    0x0800022c   0x0000001c   Code   RO        35557    !!handler_zi        /Library/Application Support/Mbed Studio/mbed-studio-tools/ac6/bin/../lib/armlib/c_w.l(__scatter_zi.o)
    0x08000248   0x00000000   Code   RO        34809    .ARM.Collect$$_printf_percent$$00000000  /Library/Application Support/Mbed Studio/mbed-studio-tools/ac6/bin/../lib/armlib/c_w.l(_printf_percent.o)
    0x08000248   0x00000006   Code   RO        34801    .ARM.Collect$$_printf_percent$$00000001  /Library/Application Support/Mbed Studio/mbed-studio-tools/ac6/bin/../lib/armlib/c_w.l(_printf_n.o)
    0x0800024e   0x00000006   Code   RO        34803    .ARM.Collect$$_printf_percent$$00000002  /Library/Application Support/Mbed Studio/mbed-studio-tools/ac6/bin/../lib/armlib/c_w.l(_printf_p.o)
    0x08000254   0x00000006   Code   RO        34808    .ARM.Collect$$_printf_percent$$00000003  /Library/Application Support/Mbed Studio/mbed-studio-tools/ac6/bin/../lib/armlib/c_w.l(_printf_f.o)
    0x0800025a   0x00000006   Code   RO        35125    .ARM.Collect$$_printf_percent$$00000004  /Library/Application Support/Mbed Studio/mbed-studio-tools/ac6/bin/../lib/armlib/c_w.l(_printf_e.o)
    0x08000260   0x00000006   Code   RO        35126    .ARM.Collect$$_printf_percent$$00000005  /Library/Application Support/Mbed Studio/mbed-studio-tools/ac6/bin/../lib/armlib/c_w.l(_printf_g.o)
    0x08000266   0x00000006   Code   RO        35127    .ARM.Collect$$_printf_percent$$00000006  /Library/Application Support/Mbed Studio/mbed-studio-tools/ac6/bin/../lib/armlib/c_w.l(_printf_a.o)
    0x0800026c   0x0000000a   Code   RO        35132    .ARM.Collect$$_printf_percent$$00000007  /Library/Application Support/Mbed Studio/mbed-studio-tools/ac6/bin/../lib/armlib/c_w.l(_printf_ll.o)
    0x08000276   0x00000006   Code   RO        34805    .ARM.Collect$$_printf_percent$$00000008  /Library/Application Support/Mbed Studio/mbed-studio-tools/ac6/bin/../lib/armlib/c_w.l(_printf_i.o)
    0x0800027c   0x00000006   Code   RO        34806    .ARM.Collect$$_printf_percent$$00000009  /Library/Application Support/Mbed Studio/mbed-studio-tools/ac6/bin/../lib/armlib/c_w.l(_printf_d.o)
    0x08000282   0x00000006   Code   RO        34807    .ARM.Collect$$_printf_percent$$0000000A  /Library/Application Support/Mbed Studio/mbed-studio-tools/ac6/bin/../lib/armlib/c_w.l(_printf_u.o)
    0x08000288   0x00000006   Code   RO        34804    .ARM.Collect$$_printf_percent$$0000000B  /Library/Application Support/Mbed Studio/mbed-studio-tools/ac6/bin/../lib/armlib/c_w.l(_printf_o.o)
    0x0800028e   0x00000006   Code   RO        34802    .ARM.Collect$$_printf_percent$$0000000C  /Library/Application Support/Mbed Studio/mbed-studio-tools/ac6/bin/../lib/armlib/c_w.l(_printf_x.o)
    0x08000294   0x00000006   Code   RO        35129    .ARM.Collect$$_printf_percent$$0000000D  /Library/Application Support/Mbed Studio/mbed-studio-tools/ac6/bin/../lib/armlib/c_w.l(_printf_lli.o)
    0x0800029a   0x00000006   Code   RO        35130    .ARM.Collect$$_printf_percent$$0000000E  /Library/Application Support/Mbed Studio/mbed-studio-tools/ac6/bin/../lib/armlib/c_w.l(_printf_lld.o)
    0x080002a0   0x00000006   Code   RO        35131    .ARM.Collect$$_printf_percent$$0000000F  /Library/Application Support/Mbed Studio/mbed-studio-tools/ac6/bin/../lib/armlib/c_w.l(_printf_llu.o)
    0x080002a6   0x00000006   Code   RO        35135    .ARM.Collect$$_printf_percent$$00000010  /Library/Application Support/Mbed Studio/mbed-studio-tools/ac6/bin/../lib/armlib/c_w.l(_printf_llo.o)
    0x080002ac   0x00000006   Code   RO        35136    .ARM.Collect$$_printf_percent$$00000011  /Library/Application Support/Mbed Studio/mbed-studio-tools/ac6/bin/../lib/armlib/c_w.l(_printf_llx.o)
[...]
    0x080247c4   0x00000034   Data   RO          219    .rodata._ZTV14LIS2DW12Sensor  BUILD/NUCLEO_F401RE/ARMC6/X_NUCLEO_IKS01A3/Components/LIS2DW12/LIS2DW12Sensor.o
    0x080247f8   0x00000040   Data   RO        34622    .rodata._ZTV16EnvironmentalApp  BUILD/NUCLEO_F401RE/ARMC6/source/main.o
    0x08024838   0x00000010   Data   RO         7253    .rodata._ZTV38CallChainOfFunctionPointersWithContextIN3ble9interface9LegacyGapINS0_7generic10GenericGapINS0_3pal6vendor6cordio3GapENS5_15SecurityManagerINS7_21CordioSecurityManagerINS3_22GenericSecurityManagerISA_NS0_6vendor6cordio19SigningEventMonitorEEEEESF_EESF_EEE15TimeoutSource_tEE  BUILD/NUCLEO_F401RE/ARMC6/mbed-os/features/FEATURE_BLE/targets/TARGET_CORDIO/source/CordioImplementations.o
    0x08024848   0x00000010   Data   RO         5320    .rodata._ZTV38CallChainOfFunctionPointersWithContextIPK21GattHVXCallbackParamsE  BUILD/NUCLEO_F401RE/ARMC6/mbed-os/features/FEATURE_BLE/targets/TARGET_CORDIO/source/CordioBLE.o
    0x08024858   0x00000010   Data   RO         5322    .rodata._ZTV38CallChainOfFunctionPointersWithContextIPK22GattReadCallbackParamsE  BUILD/NUCLEO_F401RE/ARMC6/mbed-os/features/FEATURE_BLE/targets/TARGET_CORDIO/source/CordioBLE.o
    0x08024868   0x00000010   Data   RO         5321    .rodata._ZTV38CallChainOfFunctionPointersWithContextIPK23GattWriteCallbackParamsE  BUILD/NUCLEO_F401RE/ARMC6/mbed-os/features/FEATURE_BLE/targets/TARGET_CORDIO/source/CordioBLE.o
    0x08024878   0x00000010   Data   RO         5319    .rodata._ZTV38CallChainOfFunctionPointersWithContextIPKN3ble9interface10GattClientINS0_7generic17GenericGattClientINS0_3pal6vendor6cordio16CordioGattClientENS3_22GenericSecurityManagerINS7_21CordioSecurityManagerENS0_6vendor6cordio19SigningEventMonitorEEEEEEEE  BUILD/NUCLEO_F401RE/ARMC6/mbed-os/features/FEATURE_BLE/targets/TARGET_CORDIO/source/CordioBLE.o
    0x08024888   0x00000010   Data   RO         5500    .rodata._ZTV38CallChainOfFunctionPointersWithContextIPKN3ble9interface10GattServerINS0_6vendor6cordio10GattServerEEEE  BUILD/NUCLEO_F401RE/ARMC6/mbed-os/features/FEATURE_BLE/targets/TARGET_CORDIO/source/CordioGattServer.o
    0x08024898   0x00000010   Data   RO         5328    .rodata._ZTV38CallChainOfFunctionPointersWithContextIPKN3ble9interface15SecurityManagerINS0_7generic22GenericSecurityManagerINS0_3pal6vendor6cordio21CordioSecurityManagerENS0_6vendor6cordio19SigningEventMonitorEEEEEE  BUILD/NUCLEO_F401RE/ARMC6/mbed-os/features/FEATURE_BLE/targets/TARGET_CORDIO/source/CordioBLE.o
    0x080248a8   0x00000010   Data   RO         7252    .rodata._ZTV38CallChainOfFunctionPointersWithContextIPKN3ble9interface9LegacyGapINS0_7generic10GenericGapINS0_3pal6vendor6cordio3GapENS5_15SecurityManagerINS7_21CordioSecurityManagerINS3_22GenericSecurityManagerISA_NS0_6vendor6cordio19SigningEventMonitorEEEEESF_EESF_EEE26ConnectionCallbackParams_tEE  BUILD/NUCLEO_F401RE/ARMC6/mbed-os/features/FEATURE_BLE/targets/TARGET_CORDIO/source/CordioImplementations.o
    0x080248b8   0x00000010   Data   RO         7251    .rodata._ZTV38CallChainOfFunctionPointersWithContextIPKN3ble9interface9LegacyGapINS0_7generic10GenericGapINS0_3pal6vendor6cordio3GapENS5_15SecurityManagerINS7_21CordioSecurityManagerINS3_22GenericSecurityManagerISA_NS0_6vendor6cordio19SigningEventMonitorEEEEESF_EESF_EEE29DisconnectionCallbackParams_tEE  BUILD/NUCLEO_F401RE/ARMC6/mbed-os/features/FEATURE_BLE/targets/TARGET_CORDIO/source/CordioImplementations.o
    0x080248c8   0x00000010   Data   RO         7250    .rodata._ZTV38CallChainOfFunctionPointersWithContextIPKN3ble9interface9LegacyGapINS0_7generic10GenericGapINS0_3pal6vendor6cordio3GapENS5_15SecurityManagerINS7_21CordioSecurityManagerINS3_22GenericSecurityManagerISA_NS0_6vendor6cordio19SigningEventMonitorEEEEESF_EESF_EEEEE  BUILD/NUCLEO_F401RE/ARMC6/mbed-os/features/FEATURE_BLE/targets/TARGET_CORDIO/source/CordioImplementations.o
    0x080248d8   0x00000010   Data   RO         5501    .rodata._ZTV38CallChainOfFunctionPointersWithContextIjE  BUILD/NUCLEO_F401RE/ARMC6/mbed-os/features/FEATURE_BLE/targets/TARGET_CORDIO/source/CordioGattServer.o
    0x080248e8   0x00000018   Data   RO         1823    .rodata._ZTV6DevI2C  BUILD/NUCLEO_F401RE/ARMC6/X_NUCLEO_IKS01A3/XNucleoIKS01A3.o
    0x08024900   0x00000018   Data   RO         7376    .rodata._ZTVN3ble3pal27SimpleAttReadByTypeResponseE  BUILD/NUCLEO_F401RE/ARMC6/mbed-os/features/FEATURE_BLE/targets/TARGET_CORDIO/source/CordioPalAttClient.o
    0x08024918   0x00000018   Data   RO         7375    .rodata._ZTVN3ble3pal32SimpleAttFindByTypeValueResponseE  BUILD/NUCLEO_F401RE/ARMC6/mbed-os/features/FEATURE_BLE/targets/TARGET_CORDIO/source/CordioPalAttClient.o
    0x08024930   0x00000018   Data   RO         7374    .rodata._ZTVN3ble3pal32SimpleAttFindInformationResponseE  BUILD/NUCLEO_F401RE/ARMC6/mbed-os/features/FEATURE_BLE/targets/TARGET_CORDIO/source/CordioPalAttClient.o
    0x08024948   0x00000018   Data   RO         7377    .rodata._ZTVN3ble3pal32SimpleAttReadByGroupTypeResponseE  BUILD/NUCLEO_F401RE/ARMC6/mbed-os/features/FEATURE_BLE/targets/TARGET_CORDIO/source/CordioPalAttClient.o
    0x08024960   0x0000002c   Data   RO         5318    .rodata._ZTVN3ble3pal6vendor6cordio20GenericAccessServiceE  BUILD/NUCLEO_F401RE/ARMC6/mbed-os/features/FEATURE_BLE/targets/TARGET_CORDIO/source/CordioBLE.o
    0x0802498c   0x00000014   Data   RO         7236    .rodata._ZTVN3ble3pal6vendor6cordio21CordioSecurityManagerINS_7generic22GenericSecurityManagerIS3_NS_6vendor6cordio19SigningEventMonitorEEEE34PrivacyAddDevToResListControlBlockE  BUILD/NUCLEO_F401RE/ARMC6/mbed-os/features/FEATURE_BLE/targets/TARGET_CORDIO/source/CordioImplementations.o
    0x080249a0   0x00000018   Data   RO         7242    .rodata._ZTVN3ble3pal6vendor6cordio3GapINS_7generic10GenericGapIS3_NS0_15SecurityManagerINS2_21CordioSecurityManagerINS4_22GenericSecurityManagerIS7_NS_6vendor6cordio19SigningEventMonitorEEEEESC_EESC_EEE36GapAdvertisingReportMessageConverter31CordioGapAdvertisingReportEventE  BUILD/NUCLEO_F401RE/ARMC6/mbed-os/features/FEATURE_BLE/targets/TARGET_CORDIO/source/CordioImplementations.o
    0x080249b8   0x0000002c   Data   RO         5074    .rodata._ZTVN3ble6vendor6cordio15CordioHCIDriverE  BUILD/NUCLEO_F401RE/ARMC6/mbed-os/features/FEATURE_BLE/targets/TARGET_CORDIO/driver/CordioHCIDriver.o
    0x080249e4   0x0000000c   Data   RO         5317    .rodata._ZTVN3ble6vendor6cordio16SimpleEventQueueE  BUILD/NUCLEO_F401RE/ARMC6/mbed-os/features/FEATURE_BLE/targets/TARGET_CORDIO/source/CordioBLE.o
    0x080249f0   0x00000044   Data   RO         5182    .rodata._ZTVN3ble6vendor6cordio3BLEE  BUILD/NUCLEO_F401RE/ARMC6/mbed-os/features/FEATURE_BLE/targets/TARGET_CORDIO/source/CordioBLE.o
    0x08024a34   0x0000001c   Data   RO        34568    .rodata._ZTVN3ble6vendor7bluenrg15TransportDriverE  BUILD/NUCLEO_F401RE/ARMC6/shields/TARGET_CORDIO_BLUENRG/BlueNrgHCIDriver.o
    0x08024a50   0x0000002c   Data   RO        34572    .rodata._ZTVN3ble6vendor7bluenrg9HCIDriverE  BUILD/NUCLEO_F401RE/ARMC6/shields/TARGET_CORDIO_BLUENRG/BlueNrgHCIDriver.o
    0x08024a7c   0x00000040   Data   RO         5329    .rodata._ZTVN3ble9interface15SecurityManagerINS_7generic22GenericSecurityManagerINS_3pal6vendor6cordio21CordioSecurityManagerENS_6vendor6cordio19SigningEventMonitorEEEE18LegacyEventHandlerE  BUILD/NUCLEO_F401RE/ARMC6/mbed-os/features/FEATURE_BLE/targets/TARGET_CORDIO/source/CordioBLE.o
    0x08024abc   0x00000014   Data   RO         3379    .rodata._ZTVN4mbed10TimerEventE  BUILD/NUCLEO_F401RE/ARMC6/mbed-os/drivers/source/TimerEvent.o
    0x08024ad0   0x00000010   Data   RO         2893    .rodata._ZTVN4mbed11InterruptInE  BUILD/NUCLEO_F401RE/ARMC6/mbed-os/drivers/source/InterruptIn.o
    0x08024ae0   0x00000014   Data   RO         7249    .rodata._ZTVN4mbed14LowPowerTickerE  BUILD/NUCLEO_F401RE/ARMC6/mbed-os/features/FEATURE_BLE/targets/TARGET_CORDIO/source/CordioImplementations.o
    0x08024af4   0x00000014   Data   RO         5325    .rodata._ZTVN4mbed15LowPowerTimeoutE  BUILD/NUCLEO_F401RE/ARMC6/mbed-os/features/FEATURE_BLE/targets/TARGET_CORDIO/source/CordioBLE.o
    0x08024b08   0x00000018   Data   RO         2836    .rodata._ZTVN4mbed3I2CE  BUILD/NUCLEO_F401RE/ARMC6/mbed-os/drivers/source/I2C.o
    0x08024b20   0x00000020   Data   RO         3138    .rodata._ZTVN4mbed3SPIE  BUILD/NUCLEO_F401RE/ARMC6/mbed-os/drivers/source/SPI.o
    0x08024b40   0x00000014   Data   RO         3325    .rodata._ZTVN4mbed6TickerE  BUILD/NUCLEO_F401RE/ARMC6/mbed-os/drivers/source/Ticker.o
    0x08024b54   0x00000014   Data   RO         3332    .rodata._ZTVN4mbed7TimeoutE  BUILD/NUCLEO_F401RE/ARMC6/mbed-os/drivers/source/Timeout.o
    0x08024b68   0x00000010   Data   RO        31858    .rodata._ZTVN4rtos6ThreadE  BUILD/NUCLEO_F401RE/ARMC6/mbed-os/rtos/source/Thread.o
    0x08024b78   0x00000018   Data   RO        30926    .rodata._ZZL15default_consolevE14console_pinmap  BUILD/NUCLEO_F401RE/ARMC6/mbed-os/platform/source/mbed_retarget.o
    0x08024b90   0x00000018   Data   RO         7241    .rodata._ZZN3ble3pal6vendor6cordio3GapINS_7generic10GenericGapIS3_NS0_15SecurityManagerINS2_21CordioSecurityManagerINS4_22GenericSecurityManagerIS7_NS_6vendor6cordio19SigningEventMonitorEEEEESC_EESC_EEE11gap_handlerEPK11wsfMsgHdr_tE8handlers  BUILD/NUCLEO_F401RE/ARMC6/mbed-os/features/FEATURE_BLE/targets/TARGET_CORDIO/source/CordioImplementations.o
    0x08024ba8   0x00000014   Data   RO         5076    .rodata._ZZN3ble6vendor6cordio15CordioHCIDriver35get_default_buffer_pool_descriptionEvE9pool_desc  BUILD/NUCLEO_F401RE/ARMC6/mbed-os/features/FEATURE_BLE/targets/TARGET_CORDIO/driver/CordioHCIDriver.o
    0x08024bbc   0x0000000f   Data   RO         5187    .rodata._ZZN3ble6vendor6cordio3BLE10getVersionEvE7version  BUILD/NUCLEO_F401RE/ARMC6/mbed-os/features/FEATURE_BLE/targets/TARGET_CORDIO/source/CordioBLE.o
    0x08024bcb   0x00000005   Data   RO        34570    .rodata._ZZN3ble6vendor7bluenrg15TransportDriver7spiReadEPhtE13header_master  BUILD/NUCLEO_F401RE/ARMC6/shields/TARGET_CORDIO_BLUENRG/BlueNrgHCIDriver.o
    0x08024bd0   0x00000005   Data   RO        34571    .rodata._ZZN3ble6vendor7bluenrg15TransportDriver8spiWriteEhPKhtE13header_master  BUILD/NUCLEO_F401RE/ARMC6/shields/TARGET_CORDIO_BLUENRG/BlueNrgHCIDriver.o
    0x08024bd5   0x00000003   PAD
    0x08024bd8   0x0000000c   Data   RO         7259    .rodata._ZZN4mbed8CallbackIFvPvPKN3ble7generic19SecurityEntryKeys_tEEE8generateINS8_14method_contextINS3_22GenericSecurityManagerINS2_3pal6vendor6cordio21CordioSecurityManagerENS2_6vendor6cordio19SigningEventMonitorEEEMSJ_FvS1_S6_EEEEEvRKT_E3ops  BUILD/NUCLEO_F401RE/ARMC6/mbed-os/features/FEATURE_BLE/targets/TARGET_CORDIO/source/CordioImplementations.o
    0x08024be4   0x0000000c   Data   RO         7257    .rodata._ZZN4mbed8CallbackIFvPvPKN3ble7generic22SecurityEntrySigning_tEEE8generateINS8_14method_contextINS3_22GenericSecurityManagerINS2_3pal6vendor6cordio21CordioSecurityManagerENS2_6vendor6cordio19SigningEventMonitorEEEMSJ_FvS1_S6_EEEEEvRKT_E3ops  BUILD/NUCLEO_F401RE/ARMC6/mbed-os/features/FEATURE_BLE/targets/TARGET_CORDIO/source/CordioImplementations.o
    0x08024bf0   0x0000000c   Data   RO         7260    .rodata._ZZN4mbed8CallbackIFvPvPKN3ble7generic23SecurityEntryIdentity_tEEE8generateINS8_14method_contextINS3_22GenericSecurityManagerINS2_3pal6vendor6cordio21CordioSecurityManagerENS2_6vendor6cordio19SigningEventMonitorEEEMSJ_FvS1_S6_EEEEEvRKT_E3ops  BUILD/NUCLEO_F401RE/ARMC6/mbed-os/features/FEATURE_BLE/targets/TARGET_CORDIO/source/CordioImplementations.o
    0x08024bfc   0x0000000c   Data   RO         7261    .rodata._ZZN4mbed8CallbackIFvRKN3ble3pal8GapEventEEE8generateINS7_14method_contextINS1_7generic10GenericGapINS2_6vendor6cordio3GapENS2_15SecurityManagerINSD_21CordioSecurityManagerINSA_22GenericSecurityManagerISG_NS1_6vendor6cordio19SigningEventMonitorEEEEESL_EESL_EEMSO_FvS5_EEEEEvRKT_E3ops  BUILD/NUCLEO_F401RE/ARMC6/mbed-os/features/FEATURE_BLE/targets/TARGET_CORDIO/source/CordioImplementations.o
    0x08024c08   0x0000000c   Data   RO         5327    .rodata._ZZN4mbed8CallbackIFvjEE8generateINS2_14method_contextIN3ble3pal10GattClientINS6_28AttClientToGattClientAdapterINS6_6vendor6cordio15CordioAttClientENS5_7generic17GenericGattClientINSA_16CordioGattClientENSC_22GenericSecurityManagerINSA_21CordioSecurityManagerENS5_6vendor6cordio19SigningEventMonitorEEEEEEESL_EEMSN_FvjEEEEEvRKT_E3ops  BUILD/NUCLEO_F401RE/ARMC6/mbed-os/features/FEATURE_BLE/targets/TARGET_CORDIO/source/CordioBLE.o
    0x08024c14   0x0000000c   Data   RO         7255    .rodata._ZZN4mbed8CallbackIFvjEE8generateINS2_14method_contextIN3ble7generic17GenericGattClientINS5_3pal6vendor6cordio16CordioGattClientENS6_22GenericSecurityManagerINSA_21CordioSecurityManagerENS5_6vendor6cordio19SigningEventMonitorEEEEEMSI_FvjEEEEEvRKT_E3ops  BUILD/NUCLEO_F401RE/ARMC6/mbed-os/features/FEATURE_BLE/targets/TARGET_CORDIO/source/CordioImplementations.o
    0x08024c20   0x0000000c   Data   RO         7254    .rodata._ZZN4mbed8CallbackIFvjRKN3ble3pal16AttServerMessageEEE8generateINS7_14method_contextINS1_7generic17GenericGattClientINS2_6vendor6cordio16CordioGattClientENSA_22GenericSecurityManagerINSD_21CordioSecurityManagerENS1_6vendor6cordio19SigningEventMonitorEEEEEMSL_FvjS5_EEEEEvRKT_E3ops  BUILD/NUCLEO_F401RE/ARMC6/mbed-os/features/FEATURE_BLE/targets/TARGET_CORDIO/source/CordioImplementations.o
    0x08024c2c   0x0000000c   Data   RO         5326    .rodata._ZZN4mbed8CallbackIFvjRKN3ble3pal16AttServerMessageEEE8generateINS7_14method_contextINS2_10GattClientINS2_28AttClientToGattClientAdapterINS2_6vendor6cordio15CordioAttClientENS1_7generic17GenericGattClientINSD_16CordioGattClientENSF_22GenericSecurityManagerINSD_21CordioSecurityManagerENS1_6vendor6cordio19SigningEventMonitorEEEEEEESO_EEMSQ_FvjS5_EEEEEvRKT_E3ops  BUILD/NUCLEO_F401RE/ARMC6/mbed-os/features/FEATURE_BLE/targets/TARGET_CORDIO/source/CordioBLE.o
    0x08024c38   0x0000000c   Data   RO        29872    .rodata._ZZN4mbed8CallbackIFvvEE8generateINS2_14method_contextI21LowPowerTickerWrapperMS5_FvvEEEEEvRKT_E3ops  BUILD/NUCLEO_F401RE/ARMC6/mbed-os/hal/LowPowerTickerWrapper.o
    0x08024c44   0x0000000c   Data   RO        34625    .rodata._ZZN4mbed8CallbackIFvvEE8generateINS2_14method_contextI3BLEMS5_FvvEEEEEvRKT_E3ops  BUILD/NUCLEO_F401RE/ARMC6/source/main.o
    0x08024c50   0x0000000c   Data   RO        34569    .rodata._ZZN4mbed8CallbackIFvvEE8generateINS2_14method_contextIN3ble6vendor7bluenrg15TransportDriverEMS8_FvvEEEEEvRKT_E3ops  BUILD/NUCLEO_F401RE/ARMC6/shields/TARGET_CORDIO_BLUENRG/BlueNrgHCIDriver.o
    0x08024c5c   0x0000000c   Data   RO         7262    .rodata._ZZN4mbed8CallbackIFvvEE8generateINS2_14method_contextIN3ble7generic10GenericGapINS5_3pal6vendor6cordio3GapENS8_15SecurityManagerINSA_21CordioSecurityManagerINS6_22GenericSecurityManagerISD_NS5_6vendor6cordio19SigningEventMonitorEEEEESI_EESI_EEMSL_FvvEEEEEvRKT_E3ops  BUILD/NUCLEO_F401RE/ARMC6/mbed-os/features/FEATURE_BLE/targets/TARGET_CORDIO/source/CordioImplementations.o
    0x08024c68   0x0000000c   Data   RO         1914    .rodata._ZZN4mbed8CallbackIFvvEE8generateIPS1_EEvRKT_E3ops  BUILD/NUCLEO_F401RE/ARMC6/mbed-os/components/802.15.4_RF/atmel-rf-driver/source/NanostackRfPhyAT86RF215.o
    0x08024c74   0x00000008   Data   RO        30913    .rodata.__stderr_name  BUILD/NUCLEO_F401RE/ARMC6/mbed-os/platform/source/mbed_retarget.o
    0x08024c7c   0x00000007   Data   RO        30911    .rodata.__stdin_name  BUILD/NUCLEO_F401RE/ARMC6/mbed-os/platform/source/mbed_retarget.o
    0x08024c83   0x00000008   Data   RO        30912    .rodata.__stdout_name  BUILD/NUCLEO_F401RE/ARMC6/mbed-os/platform/source/mbed_retarget.o
    0x08024c8b   0x00000002   Data   RO         7949    .rodata.attApChUuid  BUILD/NUCLEO_F401RE/ARMC6/mbed-os/features/FEATURE_BLE/targets/TARGET_CORDIO/stack/ble-host/sources/stack/att/att_uuid.o
    0x08024c8d   0x00000002   Data   RO         7938    .rodata.attChUuid   BUILD/NUCLEO_F401RE/ARMC6/mbed-os/features/FEATURE_BLE/targets/TARGET_CORDIO/stack/ble-host/sources/stack/att/att_uuid.o
    0x08024c8f   0x00000002   Data   RO         7941    .rodata.attCliChCfgUuid  BUILD/NUCLEO_F401RE/ARMC6/mbed-os/features/FEATURE_BLE/targets/TARGET_CORDIO/stack/ble-host/sources/stack/att/att_uuid.o
    0x08024c91   0x00000002   Data   RO         7948    .rodata.attDnChUuid  BUILD/NUCLEO_F401RE/ARMC6/mbed-os/features/FEATURE_BLE/targets/TARGET_CORDIO/stack/ble-host/sources/stack/att/att_uuid.o
    0x08024c93   0x00000001   PAD
    0x08024c94   0x00000010   Data   RO         7906    .rodata.attFcnDefault  BUILD/NUCLEO_F401RE/ARMC6/mbed-os/features/FEATURE_BLE/targets/TARGET_CORDIO/stack/ble-host/sources/stack/att/att_main.o
    0x08024ca4   0x00000002   Data   RO         7911    .rodata.attGapSvcUuid  BUILD/NUCLEO_F401RE/ARMC6/mbed-os/features/FEATURE_BLE/targets/TARGET_CORDIO/stack/ble-host/sources/stack/att/att_uuid.o
    0x08024ca6   0x00000002   Data   RO         8054    .rodata.attGattDbhChUuid  BUILD/NUCLEO_F401RE/ARMC6/mbed-os/features/FEATURE_BLE/targets/TARGET_CORDIO/stack/ble-host/sources/stack/att/att_uuid.o
    0x08024ca8   0x00000002   Data   RO         7912    .rodata.attGattSvcUuid  BUILD/NUCLEO_F401RE/ARMC6/mbed-os/features/FEATURE_BLE/targets/TARGET_CORDIO/stack/ble-host/sources/stack/att/att_uuid.o
    0x08024caa   0x00000002   Data   RO         7952    .rodata.attPpcpChUuid  BUILD/NUCLEO_F401RE/ARMC6/mbed-os/features/FEATURE_BLE/targets/TARGET_CORDIO/stack/ble-host/sources/stack/att/att_uuid.o
    0x08024cac   0x00000002   Data   RO         7935    .rodata.attPrimSvcUuid  BUILD/NUCLEO_F401RE/ARMC6/mbed-os/features/FEATURE_BLE/targets/TARGET_CORDIO/stack/ble-host/sources/stack/att/att_uuid.o
    0x08024cae   0x00000002   Data   RO         7953    .rodata.attScChUuid  BUILD/NUCLEO_F401RE/ARMC6/mbed-os/features/FEATURE_BLE/targets/TARGET_CORDIO/stack/ble-host/sources/stack/att/att_uuid.o
    0x08024cb0   0x00000010   Data   RO         8123    .rodata.attcFcnIf   BUILD/NUCLEO_F401RE/ARMC6/mbed-os/features/FEATURE_BLE/targets/TARGET_CORDIO/stack/ble-host/sources/stack/att/attc_main.o
    0x08024cc0   0x00000034   Data   RO         8121    .rodata.attcSendReqTbl  BUILD/NUCLEO_F401RE/ARMC6/mbed-os/features/FEATURE_BLE/targets/TARGET_CORDIO/stack/ble-host/sources/stack/att/attc_main.o
    0x08024cf4   0x00000008   Data   RO         8180    .rodata.attcSignFcnIf  BUILD/NUCLEO_F401RE/ARMC6/mbed-os/features/FEATURE_BLE/targets/TARGET_CORDIO/stack/ble-host/sources/stack/att/attc_sign.o
    0x08024cfc   0x00000010   Data   RO         8322    .rodata.attsFcnIf   BUILD/NUCLEO_F401RE/ARMC6/mbed-os/features/FEATURE_BLE/targets/TARGET_CORDIO/stack/ble-host/sources/stack/att/atts_main.o
    0x08024d0c   0x00000010   Data   RO         8278    .rodata.attsIndFcnIf  BUILD/NUCLEO_F401RE/ARMC6/mbed-os/features/FEATURE_BLE/targets/TARGET_CORDIO/stack/ble-host/sources/stack/att/atts_ind.o
    0x08024d1c   0x00000010   Data   RO         9979    .rodata.calc128Zeros  BUILD/NUCLEO_F401RE/ARMC6/mbed-os/features/FEATURE_BLE/targets/TARGET_CORDIO/stack/wsf/sources/util/calc128.o
    0x08024d2c   0x0000000c   Data   RO         8525    .rodata.dmAdvFcnIf  BUILD/NUCLEO_F401RE/ARMC6/mbed-os/features/FEATURE_BLE/targets/TARGET_CORDIO/stack/ble-host/sources/stack/dm/dm_adv_ae.o
    0x08024d38   0x0000000c   Data   RO         8563    .rodata.dmAdvFcnIf  BUILD/NUCLEO_F401RE/ARMC6/mbed-os/features/FEATURE_BLE/targets/TARGET_CORDIO/stack/ble-host/sources/stack/dm/dm_adv_leg.o
    0x08024d44   0x0000000c   Data   RO         8664    .rodata.dmConn2FcnIf  BUILD/NUCLEO_F401RE/ARMC6/mbed-os/features/FEATURE_BLE/targets/TARGET_CORDIO/stack/ble-host/sources/stack/dm/dm_conn.o
    0x08024d50   0x00000018   Data   RO         8665    .rodata.dmConnActSetMain  BUILD/NUCLEO_F401RE/ARMC6/mbed-os/features/FEATURE_BLE/targets/TARGET_CORDIO/stack/ble-host/sources/stack/dm/dm_conn.o
    0x08024d68   0x00000010   Data   RO         8732    .rodata.dmConnActSetMaster  BUILD/NUCLEO_F401RE/ARMC6/mbed-os/features/FEATURE_BLE/targets/TARGET_CORDIO/stack/ble-host/sources/stack/dm/dm_conn_master_ae.o
    0x08024d78   0x00000010   Data   RO         8739    .rodata.dmConnActSetMaster  BUILD/NUCLEO_F401RE/ARMC6/mbed-os/features/FEATURE_BLE/targets/TARGET_CORDIO/stack/ble-host/sources/stack/dm/dm_conn_master_leg.o
    0x08024d88   0x00000018   Data   RO         8764    .rodata.dmConnActSetSlave  BUILD/NUCLEO_F401RE/ARMC6/mbed-os/features/FEATURE_BLE/targets/TARGET_CORDIO/stack/ble-host/sources/stack/dm/dm_conn_slave_ae.o
    0x08024da0   0x00000018   Data   RO         8777    .rodata.dmConnActSetSlave  BUILD/NUCLEO_F401RE/ARMC6/mbed-os/features/FEATURE_BLE/targets/TARGET_CORDIO/stack/ble-host/sources/stack/dm/dm_conn_slave_leg.o
    0x08024db8   0x0000000c   Data   RO         8663    .rodata.dmConnFcnIf  BUILD/NUCLEO_F401RE/ARMC6/mbed-os/features/FEATURE_BLE/targets/TARGET_CORDIO/stack/ble-host/sources/stack/dm/dm_conn.o
    0x08024dc4   0x0000000c   Data   RO         8662    .rodata.dmConnSpecDefaults  BUILD/NUCLEO_F401RE/ARMC6/mbed-os/features/FEATURE_BLE/targets/TARGET_CORDIO/stack/ble-host/sources/stack/dm/dm_conn.o
    0x08024dd0   0x00000082   Data   RO         8782    .rodata.dmConnStateTbl  BUILD/NUCLEO_F401RE/ARMC6/mbed-os/features/FEATURE_BLE/targets/TARGET_CORDIO/stack/ble-host/sources/stack/dm/dm_conn_sm.o
    0x08024e52   0x00000002   PAD
    0x08024e54   0x0000000c   Data   RO         8814    .rodata.dmDevFcnIf  BUILD/NUCLEO_F401RE/ARMC6/mbed-os/features/FEATURE_BLE/targets/TARGET_CORDIO/stack/ble-host/sources/stack/dm/dm_dev.o
    0x08024e60   0x0000000c   Data   RO         8888    .rodata.dmFcnDefault  BUILD/NUCLEO_F401RE/ARMC6/mbed-os/features/FEATURE_BLE/targets/TARGET_CORDIO/stack/ble-host/sources/stack/dm/dm_main.o
    0x08024e6c   0x00000044   Data   RO         8892    .rodata.dmHciToIdTbl  BUILD/NUCLEO_F401RE/ARMC6/mbed-os/features/FEATURE_BLE/targets/TARGET_CORDIO/stack/ble-host/sources/stack/dm/dm_main.o
    0x08024eb0   0x0000000c   Data   RO         8526    .rodata.dmPerAdvFcnIf  BUILD/NUCLEO_F401RE/ARMC6/mbed-os/features/FEATURE_BLE/targets/TARGET_CORDIO/stack/ble-host/sources/stack/dm/dm_adv_ae.o
    0x08024ebc   0x0000000c   Data   RO         8934    .rodata.dmPhyFcnIf  BUILD/NUCLEO_F401RE/ARMC6/mbed-os/features/FEATURE_BLE/targets/TARGET_CORDIO/stack/ble-host/sources/stack/dm/dm_phy.o
    0x08024ec8   0x0000000c   Data   RO         8984    .rodata.dmPrivFcnIf  BUILD/NUCLEO_F401RE/ARMC6/mbed-os/features/FEATURE_BLE/targets/TARGET_CORDIO/stack/ble-host/sources/stack/dm/dm_priv.o
    0x08024ed4   0x0000000c   Data   RO         9016    .rodata.dmScanFcnIf  BUILD/NUCLEO_F401RE/ARMC6/mbed-os/features/FEATURE_BLE/targets/TARGET_CORDIO/stack/ble-host/sources/stack/dm/dm_scan_ae.o
    0x08024ee0   0x0000000c   Data   RO         9037    .rodata.dmScanFcnIf  BUILD/NUCLEO_F401RE/ARMC6/mbed-os/features/FEATURE_BLE/targets/TARGET_CORDIO/stack/ble-host/sources/stack/dm/dm_scan_leg.o
    0x08024eec   0x0000000c   Data   RO         9064    .rodata.dmSecFcnIf  BUILD/NUCLEO_F401RE/ARMC6/mbed-os/features/FEATURE_BLE/targets/TARGET_CORDIO/stack/ble-host/sources/stack/dm/dm_sec.o
    0x08024ef8   0x0000000c   Data   RO         9092    .rodata.dmSecLescFcnIf  BUILD/NUCLEO_F401RE/ARMC6/mbed-os/features/FEATURE_BLE/targets/TARGET_CORDIO/stack/ble-host/sources/stack/dm/dm_sec_lesc.o
    0x08024f04   0x00000024   Data   RO         9157    .rodata.dmSyncAct   BUILD/NUCLEO_F401RE/ARMC6/mbed-os/features/FEATURE_BLE/targets/TARGET_CORDIO/stack/ble-host/sources/stack/dm/dm_sync_ae.o
    0x08024f28   0x0000000c   Data   RO         9158    .rodata.dmSyncFcnIf  BUILD/NUCLEO_F401RE/ARMC6/mbed-os/features/FEATURE_BLE/targets/TARGET_CORDIO/stack/ble-host/sources/stack/dm/dm_sync_ae.o
    0x08024f34   0x00000038   Data   RO         9156    .rodata.dmSyncStateTbl  BUILD/NUCLEO_F401RE/ARMC6/mbed-os/features/FEATURE_BLE/targets/TARGET_CORDIO/stack/ble-host/sources/stack/dm/dm_sync_ae.o
    0x08024f6c   0x00000008   Data   RO         7411    .rodata.hciEventMask  BUILD/NUCLEO_F401RE/ARMC6/mbed-os/features/FEATURE_BLE/targets/TARGET_CORDIO/stack/ble-host/sources/hci/common/hci_core.o
    0x08024f74   0x00000008   Data   RO         7413    .rodata.hciEventMaskPage2  BUILD/NUCLEO_F401RE/ARMC6/mbed-os/features/FEATURE_BLE/targets/TARGET_CORDIO/stack/ble-host/sources/hci/common/hci_core.o
    0x08024f7c   0x00000044   Data   RO         7799    .rodata.hciEvtCbackLen  BUILD/NUCLEO_F401RE/ARMC6/mbed-os/features/FEATURE_BLE/targets/TARGET_CORDIO/stack/ble-host/sources/hci/dual_chip/hci_evt.o
    0x08024fc0   0x00000110   Data   RO         7800    .rodata.hciEvtParseFcnTbl  BUILD/NUCLEO_F401RE/ARMC6/mbed-os/features/FEATURE_BLE/targets/TARGET_CORDIO/stack/ble-host/sources/hci/dual_chip/hci_evt.o
    0x080250d0   0x00000008   Data   RO         7412    .rodata.hciLeEventMask  BUILD/NUCLEO_F401RE/ARMC6/mbed-os/features/FEATURE_BLE/targets/TARGET_CORDIO/stack/ble-host/sources/hci/common/hci_core.o
    0x080250d8   0x00000040   Data   RO        34284    .rodata.ll_pin_defines  BUILD/NUCLEO_F401RE/ARMC6/mbed-os/targets/TARGET_STM/pinmap.o
    0x08025118   0x00000008   Data   RO        29924    .rodata.lp_data     BUILD/NUCLEO_F401RE/ARMC6/mbed-os/hal/mbed_lp_ticker_api.o
    0x08025120   0x00000024   Data   RO        29926    .rodata.lp_interface  BUILD/NUCLEO_F401RE/ARMC6/mbed-os/hal/mbed_lp_ticker_api.o
    0x08025144   0x00000008   Data   RO        34271    .rodata.lp_ticker_get_info.info  BUILD/NUCLEO_F401RE/ARMC6/mbed-os/targets/TARGET_STM/lp_ticker.o
    0x0802514c   0x00000004   Data   RO        30472    .rodata.mbed_fault_context  BUILD/NUCLEO_F401RE/ARMC6/mbed-os/platform/source/TARGET_CORTEX_M/mbed_fault_handler.o
    0x08025150   0x00000004   Data   RO        31420    .rodata.osRtxUserSVC  BUILD/NUCLEO_F401RE/ARMC6/mbed-os/rtos/source/TARGET_CORTEX/rtx5/RTX/Source/rtx_lib.o
    0x08025154   0x00000024   Data   RO        31415    .rodata.os_idle_thread_attr  BUILD/NUCLEO_F401RE/ARMC6/mbed-os/rtos/source/TARGET_CORTEX/rtx5/RTX/Source/rtx_lib.o
    0x08025178   0x00000018   Data   RO        31417    .rodata.os_timer_mq_attr  BUILD/NUCLEO_F401RE/ARMC6/mbed-os/rtos/source/TARGET_CORTEX/rtx5/RTX/Source/rtx_lib.o
    0x08025190   0x00000024   Data   RO        31416    .rodata.os_timer_thread_attr  BUILD/NUCLEO_F401RE/ARMC6/mbed-os/rtos/source/TARGET_CORTEX/rtx5/RTX/Source/rtx_lib.o
    0x080251b4   0x000000c0   Data   RO        34059    .rodata.pin_lines_desc  BUILD/NUCLEO_F401RE/ARMC6/mbed-os/targets/TARGET_STM/TARGET_STM32F4/gpio_irq_device.o
    0x08025274   0x0000000f   Data   RO         9404    .rodata.smpPktLenTbl  BUILD/NUCLEO_F401RE/ARMC6/mbed-os/features/FEATURE_BLE/targets/TARGET_CORDIO/stack/ble-host/sources/stack/smp/smp_main.o
    0x08025283   0x00000004   Data   RO         9456    .rodata.smpScF5Key  BUILD/NUCLEO_F401RE/ARMC6/mbed-os/features/FEATURE_BLE/targets/TARGET_CORDIO/stack/ble-host/sources/stack/smp/smp_sc_act.o
    0x08025287   0x00000001   PAD
    0x08025288   0x00000064   Data   RO         9617    .rodata.smpiActionTbl  BUILD/NUCLEO_F401RE/ARMC6/mbed-os/features/FEATURE_BLE/targets/TARGET_CORDIO/stack/ble-host/sources/stack/smp/smpi_sm.o
    0x080252ec   0x000000cc   Data   RO         9569    .rodata.smpiScActionTbl  BUILD/NUCLEO_F401RE/ARMC6/mbed-os/features/FEATURE_BLE/targets/TARGET_CORDIO/stack/ble-host/sources/stack/smp/smpi_sc_sm.o
    0x080253b8   0x0000000c   Data   RO         9571    .rodata.smpiScSmIf  BUILD/NUCLEO_F401RE/ARMC6/mbed-os/features/FEATURE_BLE/targets/TARGET_CORDIO/stack/ble-host/sources/stack/smp/smpi_sc_sm.o
    0x080253c4   0x00000098   Data   RO         9568    .rodata.smpiScStateTbl  BUILD/NUCLEO_F401RE/ARMC6/mbed-os/features/FEATURE_BLE/targets/TARGET_CORDIO/stack/ble-host/sources/stack/smp/smpi_sc_sm.o
    0x0802545c   0x00000018   Data   RO         9609    .rodata.smpiScStateTblAttempts  BUILD/NUCLEO_F401RE/ARMC6/mbed-os/features/FEATURE_BLE/targets/TARGET_CORDIO/stack/ble-host/sources/stack/smp/smpi_sc_sm.o
    0x08025474   0x0000000c   Data   RO         9578    .rodata.smpiScStateTblAuthSelect  BUILD/NUCLEO_F401RE/ARMC6/mbed-os/features/FEATURE_BLE/targets/TARGET_CORDIO/stack/ble-host/sources/stack/smp/smpi_sc_sm.o
    0x08025480   0x00000006   Data   RO         9592    .rodata.smpiScStateTblCalcDHKey  BUILD/NUCLEO_F401RE/ARMC6/mbed-os/features/FEATURE_BLE/targets/TARGET_CORDIO/stack/ble-host/sources/stack/smp/smpi_sc_sm.o
    0x08025486   0x00000006   Data   RO         9595    .rodata.smpiScStateTblCalcF5LTK  BUILD/NUCLEO_F401RE/ARMC6/mbed-os/features/FEATURE_BLE/targets/TARGET_CORDIO/stack/ble-host/sources/stack/smp/smpi_sc_sm.o
    0x0802548c   0x00000006   Data   RO         9594    .rodata.smpiScStateTblCalcF5MacKey  BUILD/NUCLEO_F401RE/ARMC6/mbed-os/features/FEATURE_BLE/targets/TARGET_CORDIO/stack/ble-host/sources/stack/smp/smpi_sc_sm.o
    0x08025492   0x00000009   Data   RO         9593    .rodata.smpiScStateTblCalcF5TKey  BUILD/NUCLEO_F401RE/ARMC6/mbed-os/features/FEATURE_BLE/targets/TARGET_CORDIO/stack/ble-host/sources/stack/smp/smpi_sc_sm.o
    0x0802549b   0x00000006   Data   RO         9600    .rodata.smpiScStateTblCnfCalc1  BUILD/NUCLEO_F401RE/ARMC6/mbed-os/features/FEATURE_BLE/targets/TARGET_CORDIO/stack/ble-host/sources/stack/smp/smpi_sc_sm.o
    0x080254a1   0x00000006   Data   RO         9601    .rodata.smpiScStateTblCnfCalc2  BUILD/NUCLEO_F401RE/ARMC6/mbed-os/features/FEATURE_BLE/targets/TARGET_CORDIO/stack/ble-host/sources/stack/smp/smpi_sc_sm.o
    0x080254a7   0x00000006   Data   RO         9604    .rodata.smpiScStateTblCnfVerCalc1  BUILD/NUCLEO_F401RE/ARMC6/mbed-os/features/FEATURE_BLE/targets/TARGET_CORDIO/stack/ble-host/sources/stack/smp/smpi_sc_sm.o
    0x080254ad   0x00000006   Data   RO         9605    .rodata.smpiScStateTblCnfVerCalc2  BUILD/NUCLEO_F401RE/ARMC6/mbed-os/features/FEATURE_BLE/targets/TARGET_CORDIO/stack/ble-host/sources/stack/smp/smpi_sc_sm.o
    0x080254b3   0x0000000f   Data   RO         9570    .rodata.smpiScStateTblCommon  BUILD/NUCLEO_F401RE/ARMC6/mbed-os/features/FEATURE_BLE/targets/TARGET_CORDIO/stack/ble-host/sources/stack/smp/smpi_sc_sm.o
    0x080254c2   0x00000006   Data   RO         9596    .rodata.smpiScStateTblDhCalcF6Ea  BUILD/NUCLEO_F401RE/ARMC6/mbed-os/features/FEATURE_BLE/targets/TARGET_CORDIO/stack/ble-host/sources/stack/smp/smpi_sc_sm.o
    0x080254c8   0x00000006   Data   RO         9597    .rodata.smpiScStateTblDhCalcF6Eb  BUILD/NUCLEO_F401RE/ARMC6/mbed-os/features/FEATURE_BLE/targets/TARGET_CORDIO/stack/ble-host/sources/stack/smp/smpi_sc_sm.o
    0x080254ce   0x00000012   Data   RO         9607    .rodata.smpiScStateTblEncrypt  BUILD/NUCLEO_F401RE/ARMC6/mbed-os/features/FEATURE_BLE/targets/TARGET_CORDIO/stack/ble-host/sources/stack/smp/smpi_sc_sm.o
    0x080254e0   0x00000015   Data   RO         9573    .rodata.smpiScStateTblIdle  BUILD/NUCLEO_F401RE/ARMC6/mbed-os/features/FEATURE_BLE/targets/TARGET_CORDIO/stack/ble-host/sources/stack/smp/smpi_sc_sm.o
    0x080254f5   0x00000006   Data   RO         9581    .rodata.smpiScStateTblJwNcCheck1  BUILD/NUCLEO_F401RE/ARMC6/mbed-os/features/FEATURE_BLE/targets/TARGET_CORDIO/stack/ble-host/sources/stack/smp/smpi_sc_sm.o
    0x080254fb   0x00000009   Data   RO         9582    .rodata.smpiScStateTblJwNcCheck2  BUILD/NUCLEO_F401RE/ARMC6/mbed-os/features/FEATURE_BLE/targets/TARGET_CORDIO/stack/ble-host/sources/stack/smp/smpi_sc_sm.o
    0x08025504   0x00000006   Data   RO         9580    .rodata.smpiScStateTblJwNcRand  BUILD/NUCLEO_F401RE/ARMC6/mbed-os/features/FEATURE_BLE/targets/TARGET_CORDIO/stack/ble-host/sources/stack/smp/smpi_sc_sm.o
    0x0802550a   0x00000006   Data   RO         9579    .rodata.smpiScStateTblJwNcWaitCnf  BUILD/NUCLEO_F401RE/ARMC6/mbed-os/features/FEATURE_BLE/targets/TARGET_CORDIO/stack/ble-host/sources/stack/smp/smpi_sc_sm.o
    0x08025510   0x00000009   Data   RO         9583    .rodata.smpiScStateTblJwNcWaitUser  BUILD/NUCLEO_F401RE/ARMC6/mbed-os/features/FEATURE_BLE/targets/TARGET_CORDIO/stack/ble-host/sources/stack/smp/smpi_sc_sm.o
    0x08025519   0x0000000f   Data   RO         9608    .rodata.smpiScStateTblKeyDist  BUILD/NUCLEO_F401RE/ARMC6/mbed-os/features/FEATURE_BLE/targets/TARGET_CORDIO/stack/ble-host/sources/stack/smp/smpi_sc_sm.o
    0x08025528   0x00000006   Data   RO         9599    .rodata.smpiScStateTblLegacyPin  BUILD/NUCLEO_F401RE/ARMC6/mbed-os/features/FEATURE_BLE/targets/TARGET_CORDIO/stack/ble-host/sources/stack/smp/smpi_sc_sm.o
    0x0802552e   0x00000006   Data   RO         9576    .rodata.smpiScStateTblLescPin  BUILD/NUCLEO_F401RE/ARMC6/mbed-os/features/FEATURE_BLE/targets/TARGET_CORDIO/stack/ble-host/sources/stack/smp/smpi_sc_sm.o
    0x08025534   0x00000009   Data   RO         9575    .rodata.smpiScStateTblModeSelect  BUILD/NUCLEO_F401RE/ARMC6/mbed-os/features/FEATURE_BLE/targets/TARGET_CORDIO/stack/ble-host/sources/stack/smp/smpi_sc_sm.o
    0x0802553d   0x00000006   Data   RO         9590    .rodata.smpiScStateTblOobSendRand  BUILD/NUCLEO_F401RE/ARMC6/mbed-os/features/FEATURE_BLE/targets/TARGET_CORDIO/stack/ble-host/sources/stack/smp/smpi_sc_sm.o
    0x08025543   0x00000009   Data   RO         9591    .rodata.smpiScStateTblOobWaitRand  BUILD/NUCLEO_F401RE/ARMC6/mbed-os/features/FEATURE_BLE/targets/TARGET_CORDIO/stack/ble-host/sources/stack/smp/smpi_sc_sm.o
    0x0802554c   0x00000006   Data   RO         9602    .rodata.smpiScStateTblPairCnf  BUILD/NUCLEO_F401RE/ARMC6/mbed-os/features/FEATURE_BLE/targets/TARGET_CORDIO/stack/ble-host/sources/stack/smp/smpi_sc_sm.o
    0x08025552   0x00000006   Data   RO         9603    .rodata.smpiScStateTblPairRand  BUILD/NUCLEO_F401RE/ARMC6/mbed-os/features/FEATURE_BLE/targets/TARGET_CORDIO/stack/ble-host/sources/stack/smp/smpi_sc_sm.o
    0x08025558   0x00000006   Data   RO         9574    .rodata.smpiScStateTblPairRsp  BUILD/NUCLEO_F401RE/ARMC6/mbed-os/features/FEATURE_BLE/targets/TARGET_CORDIO/stack/ble-host/sources/stack/smp/smpi_sc_sm.o
    0x0802555e   0x00000006   Data   RO         9585    .rodata.smpiScStateTblPasskeyCalc  BUILD/NUCLEO_F401RE/ARMC6/mbed-os/features/FEATURE_BLE/targets/TARGET_CORDIO/stack/ble-host/sources/stack/smp/smpi_sc_sm.o
    0x08025564   0x00000006   Data   RO         9588    .rodata.smpiScStateTblPasskeyCheck  BUILD/NUCLEO_F401RE/ARMC6/mbed-os/features/FEATURE_BLE/targets/TARGET_CORDIO/stack/ble-host/sources/stack/smp/smpi_sc_sm.o
    0x0802556a   0x00000006   Data   RO         9586    .rodata.smpiScStateTblPasskeyCnf  BUILD/NUCLEO_F401RE/ARMC6/mbed-os/features/FEATURE_BLE/targets/TARGET_CORDIO/stack/ble-host/sources/stack/smp/smpi_sc_sm.o
    0x08025570   0x00000006   Data   RO         9587    .rodata.smpiScStateTblPasskeyRand  BUILD/NUCLEO_F401RE/ARMC6/mbed-os/features/FEATURE_BLE/targets/TARGET_CORDIO/stack/ble-host/sources/stack/smp/smpi_sc_sm.o
    0x08025576   0x0000000c   Data   RO         9589    .rodata.smpiScStateTblPasskeyRepeat  BUILD/NUCLEO_F401RE/ARMC6/mbed-os/features/FEATURE_BLE/targets/TARGET_CORDIO/stack/ble-host/sources/stack/smp/smpi_sc_sm.o
    0x08025582   0x00000006   Data   RO         9577    .rodata.smpiScStateTblPubKey  BUILD/NUCLEO_F401RE/ARMC6/mbed-os/features/FEATURE_BLE/targets/TARGET_CORDIO/stack/ble-host/sources/stack/smp/smpi_sc_sm.o
    0x08025588   0x00000012   Data   RO         9610    .rodata.smpiScStateTblRspTo  BUILD/NUCLEO_F401RE/ARMC6/mbed-os/features/FEATURE_BLE/targets/TARGET_CORDIO/stack/ble-host/sources/stack/smp/smpi_sc_sm.o
    0x0802559a   0x00000009   Data   RO         9606    .rodata.smpiScStateTblStkCalc  BUILD/NUCLEO_F401RE/ARMC6/mbed-os/features/FEATURE_BLE/targets/TARGET_CORDIO/stack/ble-host/sources/stack/smp/smpi_sc_sm.o
    0x080255a3   0x00000006   Data   RO         9598    .rodata.smpiScStateTblVerifyDHCheck  BUILD/NUCLEO_F401RE/ARMC6/mbed-os/features/FEATURE_BLE/targets/TARGET_CORDIO/stack/ble-host/sources/stack/smp/smpi_sc_sm.o
    0x080255a9   0x00000003   PAD
    0x080255ac   0x0000000c   Data   RO         9619    .rodata.smpiSmIf    BUILD/NUCLEO_F401RE/ARMC6/mbed-os/features/FEATURE_BLE/targets/TARGET_CORDIO/stack/ble-host/sources/stack/smp/smpi_sm.o
    0x080255b8   0x00000038   Data   RO         9616    .rodata.smpiStateTbl  BUILD/NUCLEO_F401RE/ARMC6/mbed-os/features/FEATURE_BLE/targets/TARGET_CORDIO/stack/ble-host/sources/stack/smp/smpi_sm.o
    0x080255f0   0x00000018   Data   RO         9632    .rodata.smpiStateTblAttempts  BUILD/NUCLEO_F401RE/ARMC6/mbed-os/features/FEATURE_BLE/targets/TARGET_CORDIO/stack/ble-host/sources/stack/smp/smpi_sm.o
    0x08025608   0x00000006   Data   RO         9623    .rodata.smpiStateTblCnfCalc1  BUILD/NUCLEO_F401RE/ARMC6/mbed-os/features/FEATURE_BLE/targets/TARGET_CORDIO/stack/ble-host/sources/stack/smp/smpi_sm.o
    0x0802560e   0x00000006   Data   RO         9624    .rodata.smpiStateTblCnfCalc2  BUILD/NUCLEO_F401RE/ARMC6/mbed-os/features/FEATURE_BLE/targets/TARGET_CORDIO/stack/ble-host/sources/stack/smp/smpi_sm.o
    0x08025614   0x00000006   Data   RO         9627    .rodata.smpiStateTblCnfVerCalc1  BUILD/NUCLEO_F401RE/ARMC6/mbed-os/features/FEATURE_BLE/targets/TARGET_CORDIO/stack/ble-host/sources/stack/smp/smpi_sm.o
    0x0802561a   0x00000006   Data   RO         9628    .rodata.smpiStateTblCnfVerCalc2  BUILD/NUCLEO_F401RE/ARMC6/mbed-os/features/FEATURE_BLE/targets/TARGET_CORDIO/stack/ble-host/sources/stack/smp/smpi_sm.o
    0x08025620   0x0000000f   Data   RO         9618    .rodata.smpiStateTblCommon  BUILD/NUCLEO_F401RE/ARMC6/mbed-os/features/FEATURE_BLE/targets/TARGET_CORDIO/stack/ble-host/sources/stack/smp/smpi_sm.o
    0x0802562f   0x0000000c   Data   RO         9630    .rodata.smpiStateTblEncrypt  BUILD/NUCLEO_F401RE/ARMC6/mbed-os/features/FEATURE_BLE/targets/TARGET_CORDIO/stack/ble-host/sources/stack/smp/smpi_sm.o
    0x0802563b   0x00000015   Data   RO         9620    .rodata.smpiStateTblIdle  BUILD/NUCLEO_F401RE/ARMC6/mbed-os/features/FEATURE_BLE/targets/TARGET_CORDIO/stack/ble-host/sources/stack/smp/smpi_sm.o
    0x08025650   0x0000000f   Data   RO         9631    .rodata.smpiStateTblKeyDist  BUILD/NUCLEO_F401RE/ARMC6/mbed-os/features/FEATURE_BLE/targets/TARGET_CORDIO/stack/ble-host/sources/stack/smp/smpi_sm.o
    0x0802565f   0x00000006   Data   RO         9625    .rodata.smpiStateTblPairCnf  BUILD/NUCLEO_F401RE/ARMC6/mbed-os/features/FEATURE_BLE/targets/TARGET_CORDIO/stack/ble-host/sources/stack/smp/smpi_sm.o
    0x08025665   0x00000006   Data   RO         9626    .rodata.smpiStateTblPairRand  BUILD/NUCLEO_F401RE/ARMC6/mbed-os/features/FEATURE_BLE/targets/TARGET_CORDIO/stack/ble-host/sources/stack/smp/smpi_sm.o
    0x0802566b   0x00000006   Data   RO         9621    .rodata.smpiStateTblPairRsp  BUILD/NUCLEO_F401RE/ARMC6/mbed-os/features/FEATURE_BLE/targets/TARGET_CORDIO/stack/ble-host/sources/stack/smp/smpi_sm.o
    0x08025671   0x00000006   Data   RO         9622    .rodata.smpiStateTblPin  BUILD/NUCLEO_F401RE/ARMC6/mbed-os/features/FEATURE_BLE/targets/TARGET_CORDIO/stack/ble-host/sources/stack/smp/smpi_sm.o
    0x08025677   0x00000012   Data   RO         9633    .rodata.smpiStateTblRspTo  BUILD/NUCLEO_F401RE/ARMC6/mbed-os/features/FEATURE_BLE/targets/TARGET_CORDIO/stack/ble-host/sources/stack/smp/smpi_sm.o
    0x08025689   0x00000009   Data   RO         9629    .rodata.smpiStateTblStkCalc  BUILD/NUCLEO_F401RE/ARMC6/mbed-os/features/FEATURE_BLE/targets/TARGET_CORDIO/stack/ble-host/sources/stack/smp/smpi_sm.o
    0x08025692   0x00000002   PAD
    0x08025694   0x00000068   Data   RO         9770    .rodata.smprActionTbl  BUILD/NUCLEO_F401RE/ARMC6/mbed-os/features/FEATURE_BLE/targets/TARGET_CORDIO/stack/ble-host/sources/stack/smp/smpr_sm.o
    0x080256fc   0x000000d8   Data   RO         9705    .rodata.smprScActionTbl  BUILD/NUCLEO_F401RE/ARMC6/mbed-os/features/FEATURE_BLE/targets/TARGET_CORDIO/stack/ble-host/sources/stack/smp/smpr_sc_sm.o
    0x080257d4   0x0000000c   Data   RO         9707    .rodata.smprScSmIf  BUILD/NUCLEO_F401RE/ARMC6/mbed-os/features/FEATURE_BLE/targets/TARGET_CORDIO/stack/ble-host/sources/stack/smp/smpr_sc_sm.o
    0x080257e0   0x000000a0   Data   RO         9704    .rodata.smprScStateTbl  BUILD/NUCLEO_F401RE/ARMC6/mbed-os/features/FEATURE_BLE/targets/TARGET_CORDIO/stack/ble-host/sources/stack/smp/smpr_sc_sm.o
    0x08025880   0x00000015   Data   RO         9710    .rodata.smprScStateTblApiPairReq  BUILD/NUCLEO_F401RE/ARMC6/mbed-os/features/FEATURE_BLE/targets/TARGET_CORDIO/stack/ble-host/sources/stack/smp/smpr_sc_sm.o
    0x08025895   0x00000006   Data   RO         9711    .rodata.smprScStateTblApiPairRsp  BUILD/NUCLEO_F401RE/ARMC6/mbed-os/features/FEATURE_BLE/targets/TARGET_CORDIO/stack/ble-host/sources/stack/smp/smpr_sc_sm.o
    0x0802589b   0x00000018   Data   RO         9747    .rodata.smprScStateTblAttempts  BUILD/NUCLEO_F401RE/ARMC6/mbed-os/features/FEATURE_BLE/targets/TARGET_CORDIO/stack/ble-host/sources/stack/smp/smpr_sc_sm.o
    0x080258b3   0x0000000c   Data   RO         9715    .rodata.smprScStateTblAuthSelect  BUILD/NUCLEO_F401RE/ARMC6/mbed-os/features/FEATURE_BLE/targets/TARGET_CORDIO/stack/ble-host/sources/stack/smp/smpr_sc_sm.o
    0x080258bf   0x00000006   Data   RO         9731    .rodata.smprScStateTblCalcDHKey  BUILD/NUCLEO_F401RE/ARMC6/mbed-os/features/FEATURE_BLE/targets/TARGET_CORDIO/stack/ble-host/sources/stack/smp/smpr_sc_sm.o
    0x080258c5   0x00000006   Data   RO         9734    .rodata.smprScStateTblCalcF5LTK  BUILD/NUCLEO_F401RE/ARMC6/mbed-os/features/FEATURE_BLE/targets/TARGET_CORDIO/stack/ble-host/sources/stack/smp/smpr_sc_sm.o
    0x080258cb   0x00000006   Data   RO         9733    .rodata.smprScStateTblCalcF5MacKey  BUILD/NUCLEO_F401RE/ARMC6/mbed-os/features/FEATURE_BLE/targets/TARGET_CORDIO/stack/ble-host/sources/stack/smp/smpr_sc_sm.o
    0x080258d1   0x00000009   Data   RO         9732    .rodata.smprScStateTblCalcF5TKey  BUILD/NUCLEO_F401RE/ARMC6/mbed-os/features/FEATURE_BLE/targets/TARGET_CORDIO/stack/ble-host/sources/stack/smp/smpr_sc_sm.o
    0x080258da   0x0000000f   Data   RO         9706    .rodata.smprScStateTblCommon  BUILD/NUCLEO_F401RE/ARMC6/mbed-os/features/FEATURE_BLE/targets/TARGET_CORDIO/stack/ble-host/sources/stack/smp/smpr_sc_sm.o
    0x080258e9   0x00000006   Data   RO         9735    .rodata.smprScStateTblDhCalcF6Ea  BUILD/NUCLEO_F401RE/ARMC6/mbed-os/features/FEATURE_BLE/targets/TARGET_CORDIO/stack/ble-host/sources/stack/smp/smpr_sc_sm.o
    0x080258ef   0x00000006   Data   RO         9736    .rodata.smprScStateTblDhCalcF6Eb  BUILD/NUCLEO_F401RE/ARMC6/mbed-os/features/FEATURE_BLE/targets/TARGET_CORDIO/stack/ble-host/sources/stack/smp/smpr_sc_sm.o
    0x080258f5   0x00000012   Data   RO         9745    .rodata.smprScStateTblEncrypt  BUILD/NUCLEO_F401RE/ARMC6/mbed-os/features/FEATURE_BLE/targets/TARGET_CORDIO/stack/ble-host/sources/stack/smp/smpr_sc_sm.o
    0x08025907   0x00000015   Data   RO         9709    .rodata.smprScStateTblIdle  BUILD/NUCLEO_F401RE/ARMC6/mbed-os/features/FEATURE_BLE/targets/TARGET_CORDIO/stack/ble-host/sources/stack/smp/smpr_sc_sm.o
    0x0802591c   0x00000006   Data   RO         9718    .rodata.smprScStateTblJwNcCalcG2  BUILD/NUCLEO_F401RE/ARMC6/mbed-os/features/FEATURE_BLE/targets/TARGET_CORDIO/stack/ble-host/sources/stack/smp/smpr_sc_sm.o
    0x08025922   0x00000006   Data   RO         9716    .rodata.smprScStateTblJwNcSetup  BUILD/NUCLEO_F401RE/ARMC6/mbed-os/features/FEATURE_BLE/targets/TARGET_CORDIO/stack/ble-host/sources/stack/smp/smpr_sc_sm.o
    0x08025928   0x00000006   Data   RO         9717    .rodata.smprScStateTblJwNcWaitRand  BUILD/NUCLEO_F401RE/ARMC6/mbed-os/features/FEATURE_BLE/targets/TARGET_CORDIO/stack/ble-host/sources/stack/smp/smpr_sc_sm.o
    0x0802592e   0x0000000c   Data   RO         9719    .rodata.smprScStateTblJwNcWaitUser  BUILD/NUCLEO_F401RE/ARMC6/mbed-os/features/FEATURE_BLE/targets/TARGET_CORDIO/stack/ble-host/sources/stack/smp/smpr_sc_sm.o
    0x0802593a   0x00000009   Data   RO         9720    .rodata.smprScStateTblJwNcWaitUserDhCheckRcvd  BUILD/NUCLEO_F401RE/ARMC6/mbed-os/features/FEATURE_BLE/targets/TARGET_CORDIO/stack/ble-host/sources/stack/smp/smpr_sc_sm.o
    0x08025943   0x0000000f   Data   RO         9746    .rodata.smprScStateTblKeyDist  BUILD/NUCLEO_F401RE/ARMC6/mbed-os/features/FEATURE_BLE/targets/TARGET_CORDIO/stack/ble-host/sources/stack/smp/smpr_sc_sm.o
    0x08025952   0x00000006   Data   RO         9714    .rodata.smprScStateTblLescPin  BUILD/NUCLEO_F401RE/ARMC6/mbed-os/features/FEATURE_BLE/targets/TARGET_CORDIO/stack/ble-host/sources/stack/smp/smpr_sc_sm.o
    0x08025958   0x00000009   Data   RO         9712    .rodata.smprScStateTblModeSelect  BUILD/NUCLEO_F401RE/ARMC6/mbed-os/features/FEATURE_BLE/targets/TARGET_CORDIO/stack/ble-host/sources/stack/smp/smpr_sc_sm.o
    0x08025961   0x00000006   Data   RO         9728    .rodata.smprScStateTblOobSendRand  BUILD/NUCLEO_F401RE/ARMC6/mbed-os/features/FEATURE_BLE/targets/TARGET_CORDIO/stack/ble-host/sources/stack/smp/smpr_sc_sm.o
    0x08025967   0x00000006   Data   RO         9729    .rodata.smprScStateTblOobWaitRand  BUILD/NUCLEO_F401RE/ARMC6/mbed-os/features/FEATURE_BLE/targets/TARGET_CORDIO/stack/ble-host/sources/stack/smp/smpr_sc_sm.o
    0x0802596d   0x0000000f   Data   RO         9721    .rodata.smprScStateTblPassKeyKeypress  BUILD/NUCLEO_F401RE/ARMC6/mbed-os/features/FEATURE_BLE/targets/TARGET_CORDIO/stack/ble-host/sources/stack/smp/smpr_sc_sm.o
    0x0802597c   0x00000006   Data   RO         9722    .rodata.smprScStateTblPassWaitAuthRsp  BUILD/NUCLEO_F401RE/ARMC6/mbed-os/features/FEATURE_BLE/targets/TARGET_CORDIO/stack/ble-host/sources/stack/smp/smpr_sc_sm.o
    0x08025982   0x00000006   Data   RO         9724    .rodata.smprScStateTblPasskeyCalc  BUILD/NUCLEO_F401RE/ARMC6/mbed-os/features/FEATURE_BLE/targets/TARGET_CORDIO/stack/ble-host/sources/stack/smp/smpr_sc_sm.o
    0x08025988   0x00000006   Data   RO         9726    .rodata.smprScStateTblPasskeyCheck  BUILD/NUCLEO_F401RE/ARMC6/mbed-os/features/FEATURE_BLE/targets/TARGET_CORDIO/stack/ble-host/sources/stack/smp/smpr_sc_sm.o
    0x0802598e   0x0000000c   Data   RO         9584    .rodata.smprScStateTblPasskeyKeypress  BUILD/NUCLEO_F401RE/ARMC6/mbed-os/features/FEATURE_BLE/targets/TARGET_CORDIO/stack/ble-host/sources/stack/smp/smpi_sc_sm.o
    0x0802599a   0x00000006   Data   RO         9725    .rodata.smprScStateTblPasskeyRand  BUILD/NUCLEO_F401RE/ARMC6/mbed-os/features/FEATURE_BLE/targets/TARGET_CORDIO/stack/ble-host/sources/stack/smp/smpr_sc_sm.o
    0x080259a0   0x0000000c   Data   RO         9727    .rodata.smprScStateTblPasskeyRepeat  BUILD/NUCLEO_F401RE/ARMC6/mbed-os/features/FEATURE_BLE/targets/TARGET_CORDIO/stack/ble-host/sources/stack/smp/smpr_sc_sm.o
    0x080259ac   0x00000006   Data   RO         9723    .rodata.smprScStateTblPasskeyWaitCnf  BUILD/NUCLEO_F401RE/ARMC6/mbed-os/features/FEATURE_BLE/targets/TARGET_CORDIO/stack/ble-host/sources/stack/smp/smpr_sc_sm.o
    0x080259b2   0x00000006   Data   RO         9713    .rodata.smprScStateTblPubKey  BUILD/NUCLEO_F401RE/ARMC6/mbed-os/features/FEATURE_BLE/targets/TARGET_CORDIO/stack/ble-host/sources/stack/smp/smpr_sc_sm.o
    0x080259b8   0x00000012   Data   RO         9748    .rodata.smprScStateTblRspTo  BUILD/NUCLEO_F401RE/ARMC6/mbed-os/features/FEATURE_BLE/targets/TARGET_CORDIO/stack/ble-host/sources/stack/smp/smpr_sc_sm.o
    0x080259ca   0x00000009   Data   RO         9744    .rodata.smprScStateTblStkCalc  BUILD/NUCLEO_F401RE/ARMC6/mbed-os/features/FEATURE_BLE/targets/TARGET_CORDIO/stack/ble-host/sources/stack/smp/smpr_sc_sm.o
    0x080259d3   0x00000009   Data   RO         9730    .rodata.smprScStateTblWaitDhCheck  BUILD/NUCLEO_F401RE/ARMC6/mbed-os/features/FEATURE_BLE/targets/TARGET_CORDIO/stack/ble-host/sources/stack/smp/smpr_sc_sm.o
    0x080259dc   0x0000000c   Data   RO         9772    .rodata.smprSmIf    BUILD/NUCLEO_F401RE/ARMC6/mbed-os/features/FEATURE_BLE/targets/TARGET_CORDIO/stack/ble-host/sources/stack/smp/smpr_sm.o
    0x080259e8   0x0000003c   Data   RO         9769    .rodata.smprStateTbl  BUILD/NUCLEO_F401RE/ARMC6/mbed-os/features/FEATURE_BLE/targets/TARGET_CORDIO/stack/ble-host/sources/stack/smp/smpr_sm.o
    0x08025a24   0x00000015   Data   RO         9755    .rodata.smprStateTblApiPairReq  BUILD/NUCLEO_F401RE/ARMC6/mbed-os/features/FEATURE_BLE/targets/TARGET_CORDIO/stack/ble-host/sources/stack/smp/smpr_sm.o
    0x08025a39   0x00000006   Data   RO         9756    .rodata.smprStateTblApiPairRsp  BUILD/NUCLEO_F401RE/ARMC6/mbed-os/features/FEATURE_BLE/targets/TARGET_CORDIO/stack/ble-host/sources/stack/smp/smpr_sm.o
    0x08025a3f   0x00000018   Data   RO         9767    .rodata.smprStateTblAttempts  BUILD/NUCLEO_F401RE/ARMC6/mbed-os/features/FEATURE_BLE/targets/TARGET_CORDIO/stack/ble-host/sources/stack/smp/smpr_sm.o
    0x08025a57   0x00000006   Data   RO         9739    .rodata.smprStateTblCnfCalc1  BUILD/NUCLEO_F401RE/ARMC6/mbed-os/features/FEATURE_BLE/targets/TARGET_CORDIO/stack/ble-host/sources/stack/smp/smpr_sc_sm.o
    0x08025a5d   0x00000006   Data   RO         9759    .rodata.smprStateTblCnfCalc1  BUILD/NUCLEO_F401RE/ARMC6/mbed-os/features/FEATURE_BLE/targets/TARGET_CORDIO/stack/ble-host/sources/stack/smp/smpr_sm.o
    0x08025a63   0x00000006   Data   RO         9740    .rodata.smprStateTblCnfCalc2  BUILD/NUCLEO_F401RE/ARMC6/mbed-os/features/FEATURE_BLE/targets/TARGET_CORDIO/stack/ble-host/sources/stack/smp/smpr_sc_sm.o
    0x08025a69   0x00000006   Data   RO         9760    .rodata.smprStateTblCnfCalc2  BUILD/NUCLEO_F401RE/ARMC6/mbed-os/features/FEATURE_BLE/targets/TARGET_CORDIO/stack/ble-host/sources/stack/smp/smpr_sm.o
    0x08025a6f   0x00000006   Data   RO         9742    .rodata.smprStateTblCnfVerCalc1  BUILD/NUCLEO_F401RE/ARMC6/mbed-os/features/FEATURE_BLE/targets/TARGET_CORDIO/stack/ble-host/sources/stack/smp/smpr_sc_sm.o
    0x08025a75   0x00000006   Data   RO         9762    .rodata.smprStateTblCnfVerCalc1  BUILD/NUCLEO_F401RE/ARMC6/mbed-os/features/FEATURE_BLE/targets/TARGET_CORDIO/stack/ble-host/sources/stack/smp/smpr_sm.o
    0x08025a7b   0x00000006   Data   RO         9743    .rodata.smprStateTblCnfVerCalc2  BUILD/NUCLEO_F401RE/ARMC6/mbed-os/features/FEATURE_BLE/targets/TARGET_CORDIO/stack/ble-host/sources/stack/smp/smpr_sc_sm.o
    0x08025a81   0x00000006   Data   RO         9763    .rodata.smprStateTblCnfVerCalc2  BUILD/NUCLEO_F401RE/ARMC6/mbed-os/features/FEATURE_BLE/targets/TARGET_CORDIO/stack/ble-host/sources/stack/smp/smpr_sm.o
    0x08025a87   0x0000000f   Data   RO         9771    .rodata.smprStateTblCommon  BUILD/NUCLEO_F401RE/ARMC6/mbed-os/features/FEATURE_BLE/targets/TARGET_CORDIO/stack/ble-host/sources/stack/smp/smpr_sm.o
    0x08025a96   0x0000000c   Data   RO         9765    .rodata.smprStateTblEncrypt  BUILD/NUCLEO_F401RE/ARMC6/mbed-os/features/FEATURE_BLE/targets/TARGET_CORDIO/stack/ble-host/sources/stack/smp/smpr_sm.o
    0x08025aa2   0x00000015   Data   RO         9754    .rodata.smprStateTblIdle  BUILD/NUCLEO_F401RE/ARMC6/mbed-os/features/FEATURE_BLE/targets/TARGET_CORDIO/stack/ble-host/sources/stack/smp/smpr_sm.o
    0x08025ab7   0x0000000f   Data   RO         9766    .rodata.smprStateTblKeyDist  BUILD/NUCLEO_F401RE/ARMC6/mbed-os/features/FEATURE_BLE/targets/TARGET_CORDIO/stack/ble-host/sources/stack/smp/smpr_sm.o
    0x08025ac6   0x00000006   Data   RO         9741    .rodata.smprStateTblPairRand  BUILD/NUCLEO_F401RE/ARMC6/mbed-os/features/FEATURE_BLE/targets/TARGET_CORDIO/stack/ble-host/sources/stack/smp/smpr_sc_sm.o
    0x08025acc   0x00000006   Data   RO         9761    .rodata.smprStateTblPairRand  BUILD/NUCLEO_F401RE/ARMC6/mbed-os/features/FEATURE_BLE/targets/TARGET_CORDIO/stack/ble-host/sources/stack/smp/smpr_sm.o
    0x08025ad2   0x00000009   Data   RO         9737    .rodata.smprStateTblPinPair1  BUILD/NUCLEO_F401RE/ARMC6/mbed-os/features/FEATURE_BLE/targets/TARGET_CORDIO/stack/ble-host/sources/stack/smp/smpr_sc_sm.o
    0x08025adb   0x00000009   Data   RO         9757    .rodata.smprStateTblPinPair1  BUILD/NUCLEO_F401RE/ARMC6/mbed-os/features/FEATURE_BLE/targets/TARGET_CORDIO/stack/ble-host/sources/stack/smp/smpr_sm.o
    0x08025ae4   0x00000009   Data   RO         9738    .rodata.smprStateTblPinPair2  BUILD/NUCLEO_F401RE/ARMC6/mbed-os/features/FEATURE_BLE/targets/TARGET_CORDIO/stack/ble-host/sources/stack/smp/smpr_sc_sm.o
    0x08025aed   0x00000009   Data   RO         9758    .rodata.smprStateTblPinPair2  BUILD/NUCLEO_F401RE/ARMC6/mbed-os/features/FEATURE_BLE/targets/TARGET_CORDIO/stack/ble-host/sources/stack/smp/smpr_sm.o
    0x08025af6   0x00000012   Data   RO         9768    .rodata.smprStateTblRspTo  BUILD/NUCLEO_F401RE/ARMC6/mbed-os/features/FEATURE_BLE/targets/TARGET_CORDIO/stack/ble-host/sources/stack/smp/smpr_sm.o
    0x08025b08   0x00000009   Data   RO         9764    .rodata.smprStateTblStkCalc  BUILD/NUCLEO_F401RE/ARMC6/mbed-os/features/FEATURE_BLE/targets/TARGET_CORDIO/stack/ble-host/sources/stack/smp/smpr_sm.o
    0x08025b11   0x00000036   Data   RO           40    .rodata.str1.1      BUILD/NUCLEO_F401RE/ARMC6/X_NUCLEO_IKS01A3/Components/HTS221/HTS221Sensor.o
    0x08025b47   0x00000035   Data   RO          138    .rodata.str1.1      BUILD/NUCLEO_F401RE/ARMC6/X_NUCLEO_IKS01A3/Components/HTS221/HTS221_driver.o
    0x08025b7c   0x0000003a   Data   RO          220    .rodata.str1.1      BUILD/NUCLEO_F401RE/ARMC6/X_NUCLEO_IKS01A3/Components/LIS2DW12/LIS2DW12Sensor.o
    0x08025bb6   0x00000038   Data   RO          509    .rodata.str1.1      BUILD/NUCLEO_F401RE/ARMC6/X_NUCLEO_IKS01A3/Components/LIS2MDL/LIS2MDLSensor.o
    0x08025bee   0x00000038   Data   RO          687    .rodata.str1.1      BUILD/NUCLEO_F401RE/ARMC6/X_NUCLEO_IKS01A3/Components/LPS22HH/LPS22HHSensor.o
    0x08025c26   0x00000038   Data   RO         1037    .rodata.str1.1      BUILD/NUCLEO_F401RE/ARMC6/X_NUCLEO_IKS01A3/Components/LSM6DSO/LSM6DSOSensor.o
    0x08025c5e   0x0000008f   Data   RO         3139    .rodata.str1.1      BUILD/NUCLEO_F401RE/ARMC6/mbed-os/drivers/source/SPI.o
    0x08025ced   0x00000023   Data   RO         3935    .rodata.str1.1      BUILD/NUCLEO_F401RE/ARMC6/mbed-os/drivers/source/usb/USBCDC_ECM.o
    0x08025d10   0x00000023   Data   RO         4790    .rodata.str1.1      BUILD/NUCLEO_F401RE/ARMC6/mbed-os/features/FEATURE_BLE/source/BLE.o
    0x08025d33   0x0000003f   Data   RO         4906    .rodata.str1.1      BUILD/NUCLEO_F401RE/ARMC6/mbed-os/features/FEATURE_BLE/source/gap/AdvertisingDataBuilder.o
    0x08025d72   0x000000f5   Data   RO         5201    .rodata.str1.1      BUILD/NUCLEO_F401RE/ARMC6/mbed-os/features/FEATURE_BLE/targets/TARGET_CORDIO/source/CordioBLE.o
    0x08025e67   0x00000164   Data   RO         5516    .rodata.str1.1      BUILD/NUCLEO_F401RE/ARMC6/mbed-os/features/FEATURE_BLE/targets/TARGET_CORDIO/source/CordioImplementations.o
    0x08025fcb   0x00000048   Data   RO        29864    .rodata.str1.1      BUILD/NUCLEO_F401RE/ARMC6/mbed-os/hal/LowPowerTickerWrapper.o
    0x08026013   0x000000c8   Data   RO        30473    .rodata.str1.1      BUILD/NUCLEO_F401RE/ARMC6/mbed-os/platform/source/TARGET_CORTEX_M/mbed_fault_handler.o
    0x080260db   0x0000015b   Data   RO        30656    .rodata.str1.1      BUILD/NUCLEO_F401RE/ARMC6/mbed-os/platform/source/mbed_error.o
    0x08026236   0x00000063   Data   RO        30920    .rodata.str1.1      BUILD/NUCLEO_F401RE/ARMC6/mbed-os/platform/source/mbed_retarget.o
    0x08026299   0x00000012   Data   RO        31100    .rodata.str1.1      BUILD/NUCLEO_F401RE/ARMC6/mbed-os/rtos/source/Mutex.o
    0x080262ab   0x00000019   Data   RO        31137    .rodata.str1.1      BUILD/NUCLEO_F401RE/ARMC6/mbed-os/rtos/source/Semaphore.o
    0x080262c4   0x00000138   Data   RO        31217    .rodata.str1.1      BUILD/NUCLEO_F401RE/ARMC6/mbed-os/rtos/source/TARGET_CORTEX/mbed_rtx_handlers.o
    0x080263fc   0x00000013   Data   RO        31421    .rodata.str1.1      BUILD/NUCLEO_F401RE/ARMC6/mbed-os/rtos/source/TARGET_CORTEX/rtx5/RTX/Source/rtx_lib.o
    0x0802640f   0x0000001b   Data   RO        31857    .rodata.str1.1      BUILD/NUCLEO_F401RE/ARMC6/mbed-os/rtos/source/Thread.o
    0x0802642a   0x00000039   Data   RO        34285    .rodata.str1.1      BUILD/NUCLEO_F401RE/ARMC6/mbed-os/targets/TARGET_STM/pinmap.o
    0x08026463   0x0000002a   Data   RO        34400    .rodata.str1.1      BUILD/NUCLEO_F401RE/ARMC6/mbed-os/targets/TARGET_STM/serial_api.o
    0x0802648d   0x00000026   Data   RO        34595    .rodata.str1.1      BUILD/NUCLEO_F401RE/ARMC6/source/main.o
    0x080264b3   0x00000001   PAD
    0x080264b4   0x0000000b   Data   RO        31408    .rodata.str1.4      BUILD/NUCLEO_F401RE/ARMC6/mbed-os/rtos/source/TARGET_CORTEX/rtx5/RTX/Source/rtx_kernel.o
    0x080264bf   0x00000001   PAD
    0x080264c0   0x00000008   Data   RO        30035    .rodata.us_data     BUILD/NUCLEO_F401RE/ARMC6/mbed-os/hal/mbed_us_ticker_api.o
    0x080264c8   0x00000024   Data   RO        30037    .rodata.us_interface  BUILD/NUCLEO_F401RE/ARMC6/mbed-os/hal/mbed_us_ticker_api.o
    0x080264ec   0x00000008   Data   RO        34490    .rodata.us_ticker_get_info.info  BUILD/NUCLEO_F401RE/ARMC6/mbed-os/targets/TARGET_STM/us_ticker.o
    0x080264f4   0x00000020   Data   RO        35552    Region$$Table       anon$$obj.o
    0x08026514   0x00000110   Data   RO        35180    locale$$data        /Library/Application Support/Mbed Studio/mbed-studio-tools/ac6/bin/../lib/armlib/c_w.l(lc_ctype_c.o)
    0x08026624   0x0000001c   Data   RO        35379    locale$$data        /Library/Application Support/Mbed Studio/mbed-studio-tools/ac6/bin/../lib/armlib/c_w.l(lc_numeric_c.o)
    0x08026640   0x00000004   Data   RO         5519    .init_array         BUILD/NUCLEO_F401RE/ARMC6/mbed-os/features/FEATURE_BLE/targets/TARGET_CORDIO/source/CordioImplementations.o
    0x08026644   0x00000004   Data   RO        34594    .init_array         BUILD/NUCLEO_F401RE/ARMC6/source/main.o
    0x08026648   0x00000000   Data   RO        34948    .init_array         /Library/Application Support/Mbed Studio/mbed-studio-tools/ac6/bin/../lib/armlib/c_w.l(init_aeabi.o)


    Execution Region RW_IRAM1 (Base: 0x20000198, Size: 0x000047a0, Max: 0x00017a68, ABSOLUTE, COMPRESSED[0x00000090])

    Base Addr    Size         Type   Attr      Idx    E Section Name        Object

    0x20000198   0x00000004   Data   RW        34862    .data               /Library/Application Support/Mbed Studio/mbed-studio-tools/ac6/bin/../lib/armlib/c_w.l(stdio_streams.o)
    0x2000019c   0x00000004   Data   RW        34863    .data               /Library/Application Support/Mbed Studio/mbed-studio-tools/ac6/bin/../lib/armlib/c_w.l(stdio_streams.o)
    0x200001a0   0x00000004   Data   RW        34864    .data               /Library/Application Support/Mbed Studio/mbed-studio-tools/ac6/bin/../lib/armlib/c_w.l(stdio_streams.o)
    0x200001a4   0x00000004   Data   RW        35167    .data               /Library/Application Support/Mbed Studio/mbed-studio-tools/ac6/bin/../lib/armlib/c_w.l(streamlock.o)
    0x200001a8   0x00000004   Data   RW        34033    .data.SystemCoreClock  BUILD/NUCLEO_F401RE/ARMC6/mbed-os/targets/TARGET_STM/TARGET_STM32F4/device/system_stm32f4xx.o
    0x200001ac   0x00000040   Data   RW        30925    .data._ZL11filehandles  BUILD/NUCLEO_F401RE/ARMC6/mbed-os/platform/source/mbed_retarget.o
    0x200001ec   0x00000004   Data   RW        31226    .data._ZL14idle_hook_fptr  BUILD/NUCLEO_F401RE/ARMC6/mbed-os/rtos/source/TARGET_CORTEX/mbed_rtx_idle.o
    0x200001f0   0x00000014   Data   RW         5409    .data._ZN3ble6vendor6cordio12_GLOBAL__N_19CCCD_UUIDE  BUILD/NUCLEO_F401RE/ARMC6/mbed-os/features/FEATURE_BLE/targets/TARGET_CORDIO/source/CordioGattServer.o
    0x20000204   0x00000004   Data   RW         5088    .data._ZN3ble6vendor6cordio24CordioHCITransportDriver21data_received_handlerE  BUILD/NUCLEO_F401RE/ARMC6/mbed-os/features/FEATURE_BLE/targets/TARGET_CORDIO/driver/CordioHCITransportDriver.o
    0x20000208   0x00000014   Data   RW         5186    .data._ZN3ble6vendor6cordio3BLE14_init_callbackE  BUILD/NUCLEO_F401RE/ARMC6/mbed-os/features/FEATURE_BLE/targets/TARGET_CORDIO/source/CordioBLE.o
    0x2000021c   0x00000010   Data   RW         7908    .data.attBaseUuid   BUILD/NUCLEO_F401RE/ARMC6/mbed-os/features/FEATURE_BLE/targets/TARGET_CORDIO/stack/ble-host/sources/stack/att/att_main.o
    0x2000022c   0x00000008   Data   RW         8392    .data.attCfg        BUILD/NUCLEO_F401RE/ARMC6/mbed-os/features/FEATURE_BLE/targets/TARGET_CORDIO/stack/ble-host/sources/stack/cfg/cfg_stack.o
    0x20000234   0x00000044   Data   RW         8319    .data.attsProcFcnTbl  BUILD/NUCLEO_F401RE/ARMC6/mbed-os/features/FEATURE_BLE/targets/TARGET_CORDIO/stack/ble-host/sources/stack/att/atts_main.o
    0x20000278   0x00000038   Data   RW         8889    .data.dmFcnIfTbl    BUILD/NUCLEO_F401RE/ARMC6/mbed-os/features/FEATURE_BLE/targets/TARGET_CORDIO/stack/ble-host/sources/stack/dm/dm_main.o
    0x200002b0   0x00000004   Data   RW         7414    .data.hciLeSupFeatCfg  BUILD/NUCLEO_F401RE/ARMC6/mbed-os/features/FEATURE_BLE/targets/TARGET_CORDIO/stack/ble-host/sources/hci/common/hci_core.o
    0x200002b4   0x00000004   Data   RW        29925    .data.irq_handler   BUILD/NUCLEO_F401RE/ARMC6/mbed-os/hal/mbed_lp_ticker_api.o
    0x200002b8   0x00000004   Data   RW        30036    .data.irq_handler   BUILD/NUCLEO_F401RE/ARMC6/mbed-os/hal/mbed_us_ticker_api.o
    0x200002bc   0x000000a4   Data   RW        31409    .data.os            BUILD/NUCLEO_F401RE/ARMC6/mbed-os/rtos/source/TARGET_CORTEX/rtx5/RTX/Source/rtx_kernel.o
    0x20000360   0x00000004   Data   RW         8393    .data.pAttCfg       BUILD/NUCLEO_F401RE/ARMC6/mbed-os/features/FEATURE_BLE/targets/TARGET_CORDIO/stack/ble-host/sources/stack/cfg/cfg_stack.o
    0x20000364   0x00000004   Data   RW         8395    .data.pSmpCfg       BUILD/NUCLEO_F401RE/ARMC6/mbed-os/features/FEATURE_BLE/targets/TARGET_CORDIO/stack/ble-host/sources/stack/cfg/cfg_stack.o
    0x20000368   0x00000018   Data   RW         8394    .data.smpCfg        BUILD/NUCLEO_F401RE/ARMC6/mbed-os/features/FEATURE_BLE/targets/TARGET_CORDIO/stack/ble-host/sources/stack/cfg/cfg_stack.o
    0x20000380   0x00000054   Zero   RW        34859    .bss                /Library/Application Support/Mbed Studio/mbed-studio-tools/ac6/bin/../lib/armlib/c_w.l(stdio_streams.o)
    0x200003d4   0x00000054   Zero   RW        34860    .bss                /Library/Application Support/Mbed Studio/mbed-studio-tools/ac6/bin/../lib/armlib/c_w.l(stdio_streams.o)
    0x20000428   0x00000054   Zero   RW        34861    .bss                /Library/Application Support/Mbed Studio/mbed-studio-tools/ac6/bin/../lib/armlib/c_w.l(stdio_streams.o)
    0x2000047c   0x00000060   Zero   RW        35059    .bss                /Library/Application Support/Mbed Studio/mbed-studio-tools/ac6/bin/../lib/armlib/c_w.l(libspace.o)
    0x200004dc   0x00000004   Zero   RW        34360    .bss.LPTICKER_RTC_time  BUILD/NUCLEO_F401RE/ARMC6/mbed-os/targets/TARGET_STM/rtc_api.o
    0x200004e0   0x00000004   Zero   RW        34359    .bss.LPTICKER_counter  BUILD/NUCLEO_F401RE/ARMC6/mbed-os/targets/TARGET_STM/rtc_api.o
    0x200004e4   0x00000001   Zero   RW        31766    .bss.PendST         BUILD/NUCLEO_F401RE/ARMC6/mbed-os/rtos/source/TARGET_CORTEX/rtx5/Source/os_systick.o
    0x200004e5   0x00000003   PAD
    0x200004e8   0x00000001   Zero   RW        34361    .bss.RTC_inited     BUILD/NUCLEO_F401RE/ARMC6/mbed-os/targets/TARGET_STM/rtc_api.o
    0x200004e9   0x00000003   PAD
    0x200004ec   0x00000020   Zero   RW        34362    .bss.RtcHandle      BUILD/NUCLEO_F401RE/ARMC6/mbed-os/targets/TARGET_STM/rtc_api.o
    0x2000050c   0x00000054   Zero   RW         9503    .bss.SMP_ScCcb      BUILD/NUCLEO_F401RE/ARMC6/mbed-os/features/FEATURE_BLE/targets/TARGET_CORDIO/stack/ble-host/sources/stack/smp/smp_sc_main.o
    0x20000560   0x00000004   Zero   RW         5181    .bss.SystemHeapSize  BUILD/NUCLEO_F401RE/ARMC6/mbed-os/features/FEATURE_BLE/targets/TARGET_CORDIO/source/CordioBLE.o
    0x20000564   0x00000004   Zero   RW         5180    .bss.SystemHeapStart  BUILD/NUCLEO_F401RE/ARMC6/mbed-os/features/FEATURE_BLE/targets/TARGET_CORDIO/source/CordioBLE.o
    0x20000568   0x0000003c   Zero   RW        34491    .bss.TimMasterHandle  BUILD/NUCLEO_F401RE/ARMC6/mbed-os/targets/TARGET_STM/us_ticker.o
    0x200005a4   0x00000004   Zero   RW        34515    .bss._ZGVZ25ble_cordio_get_hci_drivervE10hci_driver  BUILD/NUCLEO_F401RE/ARMC6/shields/TARGET_CORDIO_BLUENRG/BlueNrgHCIDriver.o
    0x200005a8   0x00000004   Zero   RW        34513    .bss._ZGVZ25ble_cordio_get_hci_drivervE16transport_driver  BUILD/NUCLEO_F401RE/ARMC6/shields/TARGET_CORDIO_BLUENRG/BlueNrgHCIDriver.o
    0x200005ac   0x00000004   Zero   RW        30928    .bss._ZGVZL15default_consolevE7console  BUILD/NUCLEO_F401RE/ARMC6/mbed-os/platform/source/mbed_retarget.o
    0x200005b0   0x00000004   Zero   RW         4789    .bss._ZGVZN3BLE8InstanceEjE12badSingleton  BUILD/NUCLEO_F401RE/ARMC6/mbed-os/features/FEATURE_BLE/source/BLE.o
    0x200005b4   0x00000004   Zero   RW         7373    .bss._ZGVZN3ble3pal6vendor6cordio15CordioAttClient10get_clientEvE7_client  BUILD/NUCLEO_F401RE/ARMC6/mbed-os/features/FEATURE_BLE/targets/TARGET_CORDIO/source/CordioPalAttClient.o
    0x200005b8   0x00000004   Zero   RW         7233    .bss._ZGVZN3ble3pal6vendor6cordio21CordioSecurityManagerINS_7generic22GenericSecurityManagerIS3_NS_6vendor6cordio19SigningEventMonitorEEEE20get_security_managerEvE17_security_manager  BUILD/NUCLEO_F401RE/ARMC6/mbed-os/features/FEATURE_BLE/targets/TARGET_CORDIO/source/CordioImplementations.o
    0x200005bc   0x00000004   Zero   RW         7240    .bss._ZGVZN3ble3pal6vendor6cordio3GapINS_7generic10GenericGapIS3_NS0_15SecurityManagerINS2_21CordioSecurityManagerINS4_22GenericSecurityManagerIS7_NS_6vendor6cordio19SigningEventMonitorEEEEESC_EESC_EEE7get_gapEvE4_gap  BUILD/NUCLEO_F401RE/ARMC6/mbed-os/features/FEATURE_BLE/targets/TARGET_CORDIO/source/CordioImplementations.o
    0x200005c0   0x00000004   Zero   RW         5411    .bss._ZGVZN3ble6vendor6cordio10GattServer11getInstanceEvE10m_instance  BUILD/NUCLEO_F401RE/ARMC6/mbed-os/features/FEATURE_BLE/targets/TARGET_CORDIO/source/CordioGattServer.o
    0x200005c4   0x00000004   Zero   RW         5200    .bss._ZGVZN3ble6vendor6cordio3BLE12waitForEventEvE11nextTimeout  BUILD/NUCLEO_F401RE/ARMC6/mbed-os/features/FEATURE_BLE/targets/TARGET_CORDIO/source/CordioBLE.o
    0x200005c8   0x00000004   Zero   RW         5193    .bss._ZGVZN3ble6vendor6cordio3BLE13getGattClientEvE11gatt_client  BUILD/NUCLEO_F401RE/ARMC6/mbed-os/features/FEATURE_BLE/targets/TARGET_CORDIO/source/CordioBLE.o
    0x200005cc   0x00000004   Zero   RW         5203    .bss._ZGVZN3ble6vendor6cordio3BLE14callDispatcherEvE11nextTimeout  BUILD/NUCLEO_F401RE/ARMC6/mbed-os/features/FEATURE_BLE/targets/TARGET_CORDIO/source/CordioBLE.o
    0x200005d0   0x00000004   Zero   RW         5185    .bss._ZGVZN3ble6vendor6cordio3BLE14deviceInstanceEvE8instance  BUILD/NUCLEO_F401RE/ARMC6/mbed-os/features/FEATURE_BLE/targets/TARGET_CORDIO/source/CordioBLE.o
    0x200005d4   0x00000004   Zero   RW         5195    .bss._ZGVZN3ble6vendor6cordio3BLE16getPalGattClientEvE10pal_client  BUILD/NUCLEO_F401RE/ARMC6/mbed-os/features/FEATURE_BLE/targets/TARGET_CORDIO/source/CordioBLE.o
    0x200005d8   0x00000004   Zero   RW         5198    .bss._ZGVZN3ble6vendor6cordio3BLE18getSecurityManagerEvE10m_instance  BUILD/NUCLEO_F401RE/ARMC6/mbed-os/features/FEATURE_BLE/targets/TARGET_CORDIO/source/CordioBLE.o
    0x200005dc   0x00000004   Zero   RW         5189    .bss._ZGVZN3ble6vendor6cordio3BLE6getGapEvE18cordio_gap_service  BUILD/NUCLEO_F401RE/ARMC6/mbed-os/features/FEATURE_BLE/targets/TARGET_CORDIO/source/CordioBLE.o
    0x200005e0   0x00000004   Zero   RW         5191    .bss._ZGVZN3ble6vendor6cordio3BLE6getGapEvE3gap  BUILD/NUCLEO_F401RE/ARMC6/mbed-os/features/FEATURE_BLE/targets/TARGET_CORDIO/source/CordioBLE.o
    0x200005e4   0x0000005c   Zero   RW        34589    .bss._ZL11event_queue  BUILD/NUCLEO_F401RE/ARMC6/source/main.o
    0x20000640   0x00000004   Zero   RW        29955    .bss._ZL14ticker_wrapper  BUILD/NUCLEO_F401RE/ARMC6/mbed-os/hal/mbed_lp_ticker_wrapper.o
    0x20000644   0x00000028   Zero   RW        30916    .bss._ZL16filehandle_mutex  BUILD/NUCLEO_F401RE/ARMC6/mbed-os/platform/source/mbed_retarget.o
    0x2000066c   0x00000004   PAD
    0x20000670   0x00000070   Zero   RW        29956    .bss._ZL19ticker_wrapper_data  BUILD/NUCLEO_F401RE/ARMC6/mbed-os/hal/mbed_lp_ticker_wrapper.o
    0x200006e0   0x00000001   Zero   RW        29954    .bss._ZL4init       BUILD/NUCLEO_F401RE/ARMC6/mbed-os/hal/mbed_lp_ticker_wrapper.o
    0x200006e1   0x00000003   PAD
    0x200006e4   0x00000004   Zero   RW        30126    .bss._ZN10CThunkBase17_cthunk_free_realE  BUILD/NUCLEO_F401RE/ARMC6/mbed-os/platform/source/CThunkBase.o
    0x200006e8   0x00000004   Zero   RW         1817    .bss._ZN14XNucleoIKS01A39_instanceE  BUILD/NUCLEO_F401RE/ARMC6/X_NUCLEO_IKS01A3/XNucleoIKS01A3.o
    0x200006ec   0x00000004   Zero   RW         5183    .bss._ZN3ble6vendor6cordio3BLE11_hci_driverE  BUILD/NUCLEO_F401RE/ARMC6/mbed-os/features/FEATURE_BLE/targets/TARGET_CORDIO/source/CordioBLE.o
    0x200006f0   0x00000008   Zero   RW         5515    .bss._ZN3ble7generic12_GLOBAL__N_119default_scan_paramsE  BUILD/NUCLEO_F401RE/ARMC6/mbed-os/features/FEATURE_BLE/targets/TARGET_CORDIO/source/CordioImplementations.o
    0x200006f8   0x00000028   Zero   RW         2835    .bss._ZN4mbed3I2C6_mutexE  BUILD/NUCLEO_F401RE/ARMC6/mbed-os/drivers/source/I2C.o
    0x20000720   0x00000004   Zero   RW         2834    .bss._ZN4mbed3I2C6_ownerE  BUILD/NUCLEO_F401RE/ARMC6/mbed-os/drivers/source/I2C.o
    0x20000724   0x000004a0   Zero   RW         3136    .bss._ZN4mbed3SPI12_peripheralsE  BUILD/NUCLEO_F401RE/ARMC6/mbed-os/drivers/source/SPI.o
    0x20000bc4   0x00000004   Zero   RW         3137    .bss._ZN4mbed3SPI17_peripherals_usedE  BUILD/NUCLEO_F401RE/ARMC6/mbed-os/drivers/source/SPI.o
    0x20000bc8   0x00000004   Zero   RW        30211    .bss._ZN4mbed8FileBase5_headE  BUILD/NUCLEO_F401RE/ARMC6/mbed-os/platform/source/FileBase.o
    0x20000bcc   0x00000028   Zero   RW        30212    .bss._ZN4mbed8FileBase6_mutexE  BUILD/NUCLEO_F401RE/ARMC6/mbed-os/platform/source/FileBase.o
    0x20000bf4   0x00000004   Zero   RW        30213    .bss._ZN4mbed8FileBase8_defaultE  BUILD/NUCLEO_F401RE/ARMC6/mbed-os/platform/source/FileBase.o
    0x20000bf8   0x00000028   Zero   RW        34514    .bss._ZZ25ble_cordio_get_hci_drivervE10hci_driver  BUILD/NUCLEO_F401RE/ARMC6/shields/TARGET_CORDIO_BLUENRG/BlueNrgHCIDriver.o
    0x20000c20   0x000005dc   Zero   RW        34512    .bss._ZZ25ble_cordio_get_hci_drivervE16transport_driver  BUILD/NUCLEO_F401RE/ARMC6/shields/TARGET_CORDIO_BLUENRG/BlueNrgHCIDriver.o
    0x200011fc   0x00000004   Zero   RW        30927    .bss._ZZL15default_consolevE7console  BUILD/NUCLEO_F401RE/ARMC6/mbed-os/platform/source/mbed_retarget.o
    0x20001200   0x00000001   Zero   RW        34623    .bss._ZZN20EnvironmentalServiceC1ER3BLEE12serviceAdded  BUILD/NUCLEO_F401RE/ARMC6/source/main.o
    0x20001201   0x00000001   Zero   RW        34624    .bss._ZZN24DeviceInformationServiceC1ER3BLEPKcS3_S3_S3_S3_S3_E12serviceAdded  BUILD/NUCLEO_F401RE/ARMC6/source/main.o
    0x20001202   0x00000002   PAD
    0x20001204   0x00000004   Zero   RW         4792    .bss._ZZN3BLE8InstanceEjE10singletons.0  BUILD/NUCLEO_F401RE/ARMC6/mbed-os/features/FEATURE_BLE/source/BLE.o
    0x20001208   0x00000020   Zero   RW         4788    .bss._ZZN3BLE8InstanceEjE12badSingleton  BUILD/NUCLEO_F401RE/ARMC6/mbed-os/features/FEATURE_BLE/source/BLE.o
    0x20001228   0x00000004   Zero   RW         4791    .bss._ZZN3BLEC1EjE18transportInstances  BUILD/NUCLEO_F401RE/ARMC6/mbed-os/features/FEATURE_BLE/source/BLE.o
    0x2000122c   0x00000024   Zero   RW         7372    .bss._ZZN3ble3pal6vendor6cordio15CordioAttClient10get_clientEvE7_client  BUILD/NUCLEO_F401RE/ARMC6/mbed-os/features/FEATURE_BLE/targets/TARGET_CORDIO/source/CordioPalAttClient.o
    0x20001250   0x00000064   Zero   RW         7232    .bss._ZZN3ble3pal6vendor6cordio21CordioSecurityManagerINS_7generic22GenericSecurityManagerIS3_NS_6vendor6cordio19SigningEventMonitorEEEE20get_security_managerEvE17_security_manager  BUILD/NUCLEO_F401RE/ARMC6/mbed-os/features/FEATURE_BLE/targets/TARGET_CORDIO/source/CordioImplementations.o
    0x200012b4   0x00000020   Zero   RW         7239    .bss._ZZN3ble3pal6vendor6cordio3GapINS_7generic10GenericGapIS3_NS0_15SecurityManagerINS2_21CordioSecurityManagerINS4_22GenericSecurityManagerIS7_NS_6vendor6cordio19SigningEventMonitorEEEEESC_EESC_EEE7get_gapEvE4_gap  BUILD/NUCLEO_F401RE/ARMC6/mbed-os/features/FEATURE_BLE/targets/TARGET_CORDIO/source/CordioImplementations.o
    0x200012d4   0x000002a4   Zero   RW         5410    .bss._ZZN3ble6vendor6cordio10GattServer11getInstanceEvE10m_instance  BUILD/NUCLEO_F401RE/ARMC6/mbed-os/features/FEATURE_BLE/targets/TARGET_CORDIO/source/CordioGattServer.o
    0x20001578   0x00000001   Zero   RW         5077    .bss._ZZN3ble6vendor6cordio15CordioHCIDriver21handle_reset_sequenceEPhE7randCnt  BUILD/NUCLEO_F401RE/ARMC6/mbed-os/features/FEATURE_BLE/targets/TARGET_CORDIO/driver/CordioHCIDriver.o
    0x20001579   0x00000007   PAD
    0x20001580   0x000008d0   Zero   RW         5075    .bss._ZZN3ble6vendor6cordio15CordioHCIDriver35get_default_buffer_pool_descriptionEvE6buffer  BUILD/NUCLEO_F401RE/ARMC6/mbed-os/features/FEATURE_BLE/targets/TARGET_CORDIO/driver/CordioHCIDriver.o
    0x20001e50   0x00000040   Zero   RW         5199    .bss._ZZN3ble6vendor6cordio3BLE12waitForEventEvE11nextTimeout  BUILD/NUCLEO_F401RE/ARMC6/mbed-os/features/FEATURE_BLE/targets/TARGET_CORDIO/source/CordioBLE.o
    0x20001e90   0x00000058   Zero   RW         5192    .bss._ZZN3ble6vendor6cordio3BLE13getGattClientEvE11gatt_client  BUILD/NUCLEO_F401RE/ARMC6/mbed-os/features/FEATURE_BLE/targets/TARGET_CORDIO/source/CordioBLE.o
    0x20001ee8   0x00000040   Zero   RW         5202    .bss._ZZN3ble6vendor6cordio3BLE14callDispatcherEvE11nextTimeout  BUILD/NUCLEO_F401RE/ARMC6/mbed-os/features/FEATURE_BLE/targets/TARGET_CORDIO/source/CordioBLE.o
    0x20001f28   0x00000048   Zero   RW         5184    .bss._ZZN3ble6vendor6cordio3BLE14deviceInstanceEvE8instance  BUILD/NUCLEO_F401RE/ARMC6/mbed-os/features/FEATURE_BLE/targets/TARGET_CORDIO/source/CordioBLE.o
    0x20001f70   0x00000028   Zero   RW         5194    .bss._ZZN3ble6vendor6cordio3BLE16getPalGattClientEvE10pal_client  BUILD/NUCLEO_F401RE/ARMC6/mbed-os/features/FEATURE_BLE/targets/TARGET_CORDIO/source/CordioBLE.o
    0x20001f98   0x000000f4   Zero   RW         5197    .bss._ZZN3ble6vendor6cordio3BLE18getSecurityManagerEvE10m_instance  BUILD/NUCLEO_F401RE/ARMC6/mbed-os/features/FEATURE_BLE/targets/TARGET_CORDIO/source/CordioBLE.o
    0x2000208c   0x00000001   Zero   RW         5196    .bss._ZZN3ble6vendor6cordio3BLE18getSecurityManagerEvE21signing_event_monitor  BUILD/NUCLEO_F401RE/ARMC6/mbed-os/features/FEATURE_BLE/targets/TARGET_CORDIO/source/CordioBLE.o
    0x2000208d   0x00000003   PAD
    0x20002090   0x00000004   Zero   RW         5188    .bss._ZZN3ble6vendor6cordio3BLE6getGapEvE18cordio_gap_service  BUILD/NUCLEO_F401RE/ARMC6/mbed-os/features/FEATURE_BLE/targets/TARGET_CORDIO/source/CordioBLE.o
    0x20002094   0x00000004   PAD
    0x20002098   0x000001c0   Zero   RW         5190    .bss._ZZN3ble6vendor6cordio3BLE6getGapEvE3gap  BUILD/NUCLEO_F401RE/ARMC6/mbed-os/features/FEATURE_BLE/targets/TARGET_CORDIO/source/CordioBLE.o
    0x20002258   0x00000001   Zero   RW        34573    .bss._ZZN3ble6vendor7bluenrg9HCIDriver21handle_reset_sequenceEPhE7randCnt  BUILD/NUCLEO_F401RE/ARMC6/shields/TARGET_CORDIO_BLUENRG/BlueNrgHCIDriver.o
    0x20002259   0x00000003   PAD
    0x2000225c   0x00000004   Zero   RW        31074    .bss._ZZN4rtos6Kernel12get_ms_countEvE6tick_h  BUILD/NUCLEO_F401RE/ARMC6/mbed-os/rtos/source/Kernel.o
    0x20002260   0x00000004   Zero   RW        31075    .bss._ZZN4rtos6Kernel12get_ms_countEvE6tick_l  BUILD/NUCLEO_F401RE/ARMC6/mbed-os/rtos/source/Kernel.o
    0x20002264   0x00000004   PAD
    0x20002268   0x00001000   Zero   RW        31180    .bss._main_stack    BUILD/NUCLEO_F401RE/ARMC6/mbed-os/rtos/source/TARGET_CORTEX/mbed_rtos_rtx.o
    0x20003268   0x00000024   Zero   RW        31181    .bss._main_thread_attr  BUILD/NUCLEO_F401RE/ARMC6/mbed-os/rtos/source/TARGET_CORTEX/mbed_rtos_rtx.o
    0x2000328c   0x00000020   Zero   RW        31155    .bss._static_mutexes  BUILD/NUCLEO_F401RE/ARMC6/mbed-os/rtos/source/TARGET_CORTEX/TOOLCHAIN_ARM_STD/mbed_boot_arm_std.o
    0x200032ac   0x000000e0   Zero   RW        31156    .bss._static_mutexes_mem  BUILD/NUCLEO_F401RE/ARMC6/mbed-os/rtos/source/TARGET_CORTEX/TOOLCHAIN_ARM_STD/mbed_boot_arm_std.o
    0x2000338c   0x0000001f   Zero   RW        34588    .bss.adv_buffer     BUILD/NUCLEO_F401RE/ARMC6/source/main.o
    0x200033ab   0x00000001   PAD
    0x200033ac   0x00000080   Zero   RW         7907    .bss.attCb          BUILD/NUCLEO_F401RE/ARMC6/mbed-os/features/FEATURE_BLE/targets/TARGET_CORDIO/stack/ble-host/sources/stack/att/att_main.o
    0x2000342c   0x000000b0   Zero   RW         8122    .bss.attcCb         BUILD/NUCLEO_F401RE/ARMC6/mbed-os/features/FEATURE_BLE/targets/TARGET_CORDIO/stack/ble-host/sources/stack/att/attc_main.o
    0x200034dc   0x00000018   Zero   RW         8321    .bss.attsCb         BUILD/NUCLEO_F401RE/ARMC6/mbed-os/features/FEATURE_BLE/targets/TARGET_CORDIO/stack/ble-host/sources/stack/att/atts_main.o
    0x200034f4   0x00000018   Zero   RW         8210    .bss.attsCccCb      BUILD/NUCLEO_F401RE/ARMC6/mbed-os/features/FEATURE_BLE/targets/TARGET_CORDIO/stack/ble-host/sources/stack/att/atts_ccc.o
    0x2000350c   0x00000010   Zero   RW         8235    .bss.attsCsfCb      BUILD/NUCLEO_F401RE/ARMC6/mbed-os/features/FEATURE_BLE/targets/TARGET_CORDIO/stack/ble-host/sources/stack/att/atts_csf.o
    0x2000351c   0x00000054   Zero   RW         8277    .bss.attsIndCb      BUILD/NUCLEO_F401RE/ARMC6/mbed-os/features/FEATURE_BLE/targets/TARGET_CORDIO/stack/ble-host/sources/stack/att/atts_ind.o
    0x20003570   0x00000038   Zero   RW         8373    .bss.attsSignCb     BUILD/NUCLEO_F401RE/ARMC6/mbed-os/features/FEATURE_BLE/targets/TARGET_CORDIO/stack/ble-host/sources/stack/att/atts_sign.o
    0x200035a8   0x00000214   Zero   RW        34158    .bss.channels       BUILD/NUCLEO_F401RE/ARMC6/mbed-os/targets/TARGET_STM/gpio_irq_api.o
    0x200037bc   0x00000001   Zero   RW        29891    .bss.critical_interrupts_enabled  BUILD/NUCLEO_F401RE/ARMC6/mbed-os/hal/mbed_critical_section_api.o
    0x200037bd   0x00000003   PAD
    0x200037c0   0x00000004   Zero   RW        30607    .bss.critical_section_reentrancy_counter  BUILD/NUCLEO_F401RE/ARMC6/mbed-os/platform/source/mbed_critical.o
    0x200037c4   0x00000002   Zero   RW        30746    .bss.deep_sleep_lock  BUILD/NUCLEO_F401RE/ARMC6/mbed-os/platform/source/mbed_power_mgmt.o
    0x200037c6   0x00000002   PAD
    0x200037c8   0x00000044   Zero   RW         8428    .bss.dmAdvCb        BUILD/NUCLEO_F401RE/ARMC6/mbed-os/features/FEATURE_BLE/targets/TARGET_CORDIO/stack/ble-host/sources/stack/dm/dm_adv.o
    0x2000380c   0x00000018   Zero   RW         8890    .bss.dmCb           BUILD/NUCLEO_F401RE/ARMC6/mbed-os/features/FEATURE_BLE/targets/TARGET_CORDIO/stack/ble-host/sources/stack/dm/dm_main.o
    0x20003824   0x0000000c   Zero   RW         8783    .bss.dmConnActSet   BUILD/NUCLEO_F401RE/ARMC6/mbed-os/features/FEATURE_BLE/targets/TARGET_CORDIO/stack/ble-host/sources/stack/dm/dm_conn_sm.o
    0x20003830   0x000000d4   Zero   RW         8661    .bss.dmConnCb       BUILD/NUCLEO_F401RE/ARMC6/mbed-os/features/FEATURE_BLE/targets/TARGET_CORDIO/stack/ble-host/sources/stack/dm/dm_conn.o
    0x20003904   0x00000004   Zero   RW         8815    .bss.dmDevCb        BUILD/NUCLEO_F401RE/ARMC6/mbed-os/features/FEATURE_BLE/targets/TARGET_CORDIO/stack/ble-host/sources/stack/dm/dm_dev.o
    0x20003908   0x00000027   Zero   RW         8523    .bss.dmExtAdvCb     BUILD/NUCLEO_F401RE/ARMC6/mbed-os/features/FEATURE_BLE/targets/TARGET_CORDIO/stack/ble-host/sources/stack/dm/dm_adv_ae.o
    0x2000392f   0x00000001   Zero   RW         9017    .bss.dmExtScanActHciReport.filtered  BUILD/NUCLEO_F401RE/ARMC6/mbed-os/features/FEATURE_BLE/targets/TARGET_CORDIO/stack/ble-host/sources/stack/dm/dm_scan_ae.o
    0x20003930   0x00000001   Zero   RW         9018    .bss.dmExtScanActHciReport.firstFrag  BUILD/NUCLEO_F401RE/ARMC6/mbed-os/features/FEATURE_BLE/targets/TARGET_CORDIO/stack/ble-host/sources/stack/dm/dm_scan_ae.o
    0x20003931   0x00000001   Zero   RW         8564    .bss.dmLegAdvCb.0   BUILD/NUCLEO_F401RE/ARMC6/mbed-os/features/FEATURE_BLE/targets/TARGET_CORDIO/stack/ble-host/sources/stack/dm/dm_adv_leg.o
    0x20003932   0x00000012   Zero   RW         8524    .bss.dmPerAdvCb     BUILD/NUCLEO_F401RE/ARMC6/mbed-os/features/FEATURE_BLE/targets/TARGET_CORDIO/stack/ble-host/sources/stack/dm/dm_adv_ae.o
    0x20003944   0x0000001a   Zero   RW         8983    .bss.dmPrivCb       BUILD/NUCLEO_F401RE/ARMC6/mbed-os/features/FEATURE_BLE/targets/TARGET_CORDIO/stack/ble-host/sources/stack/dm/dm_priv.o
    0x2000395e   0x00000002   PAD
    0x20003960   0x00000024   Zero   RW         8997    .bss.dmScanCb       BUILD/NUCLEO_F401RE/ARMC6/mbed-os/features/FEATURE_BLE/targets/TARGET_CORDIO/stack/ble-host/sources/stack/dm/dm_scan.o
    0x20003984   0x00000008   Zero   RW         9065    .bss.dmSecCb        BUILD/NUCLEO_F401RE/ARMC6/mbed-os/features/FEATURE_BLE/targets/TARGET_CORDIO/stack/ble-host/sources/stack/dm/dm_sec.o
    0x2000398c   0x00000004   Zero   RW         9090    .bss.dmSecOobRand   BUILD/NUCLEO_F401RE/ARMC6/mbed-os/features/FEATURE_BLE/targets/TARGET_CORDIO/stack/ble-host/sources/stack/dm/dm_sec_lesc.o
    0x20003990   0x0000000e   Zero   RW         9155    .bss.dmSyncCb       BUILD/NUCLEO_F401RE/ARMC6/mbed-os/features/FEATURE_BLE/targets/TARGET_CORDIO/stack/ble-host/sources/stack/dm/dm_sync_ae.o
    0x2000399e   0x00000002   PAD
    0x200039a0   0x00000004   Zero   RW        30653    .bss.error_count    BUILD/NUCLEO_F401RE/ARMC6/mbed-os/platform/source/mbed_error.o
    0x200039a4   0x00000004   Zero   RW        30654    .bss.error_hook     BUILD/NUCLEO_F401RE/ARMC6/mbed-os/platform/source/mbed_error.o
    0x200039a8   0x00000040   Zero   RW        29927    .bss.events         BUILD/NUCLEO_F401RE/ARMC6/mbed-os/hal/mbed_lp_ticker_api.o
    0x200039e8   0x00000040   Zero   RW        30038    .bss.events         BUILD/NUCLEO_F401RE/ARMC6/mbed-os/hal/mbed_us_ticker_api.o
    0x20003a28   0x00000054   Zero   RW        30471    .bss.fault_context  BUILD/NUCLEO_F401RE/ARMC6/mbed-os/platform/source/TARGET_CORTEX_M/mbed_fault_handler.o
    0x20003a7c   0x00000034   Zero   RW        30652    .bss.first_error_ctx  BUILD/NUCLEO_F401RE/ARMC6/mbed-os/platform/source/mbed_error.o
    0x20003ab0   0x00000001   Zero   RW        30655    .bss.halt_in_progress  BUILD/NUCLEO_F401RE/ARMC6/mbed-os/platform/source/mbed_error.o
    0x20003ab1   0x00000003   PAD
    0x20003ab4   0x0000001c   Zero   RW         9171    .bss.hciCb          BUILD/NUCLEO_F401RE/ARMC6/mbed-os/features/FEATURE_BLE/targets/TARGET_CORDIO/stack/ble-host/sources/stack/hci/hci_main.o
    0x20003ad0   0x0000001c   Zero   RW         7546    .bss.hciCmdCb       BUILD/NUCLEO_F401RE/ARMC6/mbed-os/features/FEATURE_BLE/targets/TARGET_CORDIO/stack/ble-host/sources/hci/dual_chip/hci_cmd.o
    0x20003aec   0x00000094   Zero   RW         7415    .bss.hciCoreCb      BUILD/NUCLEO_F401RE/ARMC6/mbed-os/features/FEATURE_BLE/targets/TARGET_CORDIO/stack/ble-host/sources/hci/common/hci_core.o
    0x20003b80   0x00000018   Zero   RW         7801    .bss.hciEvtStats    BUILD/NUCLEO_F401RE/ARMC6/mbed-os/features/FEATURE_BLE/targets/TARGET_CORDIO/stack/ble-host/sources/hci/dual_chip/hci_evt.o
    0x20003b98   0x00000004   Zero   RW        10063    .bss.hciTrSerialRxIncoming.hdrRx  BUILD/NUCLEO_F401RE/ARMC6/mbed-os/features/FEATURE_BLE/targets/TARGET_CORDIO/stack_adaptation/hci_tr.o
    0x20003b9c   0x00000002   Zero   RW        10062    .bss.hciTrSerialRxIncoming.iRx  BUILD/NUCLEO_F401RE/ARMC6/mbed-os/features/FEATURE_BLE/targets/TARGET_CORDIO/stack_adaptation/hci_tr.o
    0x20003b9e   0x00000002   PAD
    0x20003ba0   0x00000004   Zero   RW        10065    .bss.hciTrSerialRxIncoming.pDataRx  BUILD/NUCLEO_F401RE/ARMC6/mbed-os/features/FEATURE_BLE/targets/TARGET_CORDIO/stack_adaptation/hci_tr.o
    0x20003ba4   0x00000004   Zero   RW        10064    .bss.hciTrSerialRxIncoming.pPktRx  BUILD/NUCLEO_F401RE/ARMC6/mbed-os/features/FEATURE_BLE/targets/TARGET_CORDIO/stack_adaptation/hci_tr.o
    0x20003ba8   0x00000001   Zero   RW        10061    .bss.hciTrSerialRxIncoming.pktIndRx  BUILD/NUCLEO_F401RE/ARMC6/mbed-os/features/FEATURE_BLE/targets/TARGET_CORDIO/stack_adaptation/hci_tr.o
    0x20003ba9   0x00000001   Zero   RW        10060    .bss.hciTrSerialRxIncoming.stateRx  BUILD/NUCLEO_F401RE/ARMC6/mbed-os/features/FEATURE_BLE/targets/TARGET_CORDIO/stack_adaptation/hci_tr.o
    0x20003baa   0x00000002   PAD
    0x20003bac   0x00000014   Zero   RW        34252    .bss.i2c_handles    BUILD/NUCLEO_F401RE/ARMC6/mbed-os/targets/TARGET_STM/i2c_api.o
    0x20003bc0   0x00000001   Zero   RW        34590    .bss.initFlag       BUILD/NUCLEO_F401RE/ARMC6/source/main.o
    0x20003bc1   0x00000003   PAD
    0x20003bc4   0x00000004   Zero   RW        34159    .bss.irq_handler    BUILD/NUCLEO_F401RE/ARMC6/mbed-os/targets/TARGET_STM/gpio_irq_api.o
    0x20003bc8   0x00000004   Zero   RW        34364    .bss.irq_handler    BUILD/NUCLEO_F401RE/ARMC6/mbed-os/targets/TARGET_STM/rtc_api.o
    0x20003bcc   0x00000028   Zero   RW         9265    .bss.l2cCb          BUILD/NUCLEO_F401RE/ARMC6/mbed-os/features/FEATURE_BLE/targets/TARGET_CORDIO/stack/ble-host/sources/stack/l2c/l2c_main.o
    0x20003bf4   0x00000018   Zero   RW         9288    .bss.l2cSlaveCb     BUILD/NUCLEO_F401RE/ARMC6/mbed-os/features/FEATURE_BLE/targets/TARGET_CORDIO/stack/ble-host/sources/stack/l2c/l2c_slave.o
    0x20003c0c   0x00000034   Zero   RW        30651    .bss.last_error_ctx  BUILD/NUCLEO_F401RE/ARMC6/mbed-os/platform/source/mbed_error.o
    0x20003c40   0x00000060   Zero   RW         9091    .bss.localEccKey    BUILD/NUCLEO_F401RE/ARMC6/mbed-os/features/FEATURE_BLE/targets/TARGET_CORDIO/stack/ble-host/sources/stack/dm/dm_sec_lesc.o
    0x20003ca0   0x00000001   Zero   RW        34363    .bss.lp_Fired       BUILD/NUCLEO_F401RE/ARMC6/mbed-os/targets/TARGET_STM/rtc_api.o
    0x20003ca1   0x00000001   Zero   RW        30650    .bss.mbed_error_in_progress  BUILD/NUCLEO_F401RE/ARMC6/mbed-os/platform/source/mbed_error.o
    0x20003ca2   0x00000002   PAD
    0x20003ca4   0x00000004   Zero   RW        30915    .bss.mbed_heap_size  BUILD/NUCLEO_F401RE/ARMC6/mbed-os/platform/source/mbed_retarget.o
    0x20003ca8   0x00000004   Zero   RW        30914    .bss.mbed_heap_start  BUILD/NUCLEO_F401RE/ARMC6/mbed-os/platform/source/mbed_retarget.o
    0x20003cac   0x00000004   Zero   RW        34277    .bss.mbed_sdk_inited  BUILD/NUCLEO_F401RE/ARMC6/mbed-os/targets/TARGET_STM/mbed_overrides.o
    0x20003cb0   0x00000004   Zero   RW        31171    .bss.mbed_stack_isr_size  BUILD/NUCLEO_F401RE/ARMC6/mbed-os/rtos/source/TARGET_CORTEX/mbed_boot.o
    0x20003cb4   0x00000004   Zero   RW        31170    .bss.mbed_stack_isr_start  BUILD/NUCLEO_F401RE/ARMC6/mbed-os/rtos/source/TARGET_CORTEX/mbed_boot.o
    0x20003cb8   0x00000040   Zero   RW        31414    .bss.os             BUILD/NUCLEO_F401RE/ARMC6/mbed-os/rtos/source/TARGET_CORTEX/rtx5/RTX/Source/rtx_lib.o
    0x20003cf8   0x000001f0   Zero   RW        31154    .bss.os.libspace    BUILD/NUCLEO_F401RE/ARMC6/mbed-os/rtos/source/TARGET_CORTEX/TOOLCHAIN_ARM_STD/mbed_boot_arm_std.o
    0x20003ee8   0x00000034   Zero   RW        31424    .bss.os.msgqueue.cb  BUILD/NUCLEO_F401RE/ARMC6/mbed-os/rtos/source/TARGET_CORTEX/rtx5/RTX/Source/rtx_lib.o
    0x20003f1c   0x00000050   Zero   RW        31425    .bss.os.msgqueue.mem  BUILD/NUCLEO_F401RE/ARMC6/mbed-os/rtos/source/TARGET_CORTEX/rtx5/RTX/Source/rtx_lib.o
    0x20003f6c   0x00000044   Zero   RW        31182    .bss.os.thread.cb   BUILD/NUCLEO_F401RE/ARMC6/mbed-os/rtos/source/TARGET_CORTEX/mbed_rtos_rtx.o
    0x20003fb0   0x00000088   Zero   RW        31422    .bss.os.thread.cb   BUILD/NUCLEO_F401RE/ARMC6/mbed-os/rtos/source/TARGET_CORTEX/rtx5/RTX/Source/rtx_lib.o
    0x20004038   0x00000500   Zero   RW        31423    .bss.os.thread.stack  BUILD/NUCLEO_F401RE/ARMC6/mbed-os/rtos/source/TARGET_CORTEX/rtx5/RTX/Source/rtx_lib.o
    0x20004538   0x00000001   Zero   RW        31157    .bss.os_kernel_is_active.os_kernel_active  BUILD/NUCLEO_F401RE/ARMC6/mbed-os/rtos/source/TARGET_CORTEX/TOOLCHAIN_ARM_STD/mbed_boot_arm_std.o
    0x20004539   0x00000003   PAD
    0x2000453c   0x0000000c   Zero   RW         8181    .bss.pAttcSignCb    BUILD/NUCLEO_F401RE/ARMC6/mbed-os/features/FEATURE_BLE/targets/TARGET_CORDIO/stack/ble-host/sources/stack/att/attc_sign.o
    0x20004548   0x00000050   Zero   RW         7864    .bss.secCb          BUILD/NUCLEO_F401RE/ARMC6/mbed-os/features/FEATURE_BLE/targets/TARGET_CORDIO/stack/ble-host/sources/sec/common/sec_main.o
    0x20004598   0x00000001   Zero   RW        34593    .bss.sensorFlag     BUILD/NUCLEO_F401RE/ARMC6/source/main.o
    0x20004599   0x00000003   PAD
    0x2000459c   0x00000004   Zero   RW        34591    .bss.sensors        BUILD/NUCLEO_F401RE/ARMC6/source/main.o
    0x200045a0   0x00000010   Zero   RW        31178    .bss.singleton_mutex_attr  BUILD/NUCLEO_F401RE/ARMC6/mbed-os/rtos/source/TARGET_CORTEX/mbed_rtos_rtx.o
    0x200045b0   0x00000004   Zero   RW        31183    .bss.singleton_mutex_id  BUILD/NUCLEO_F401RE/ARMC6/mbed-os/rtos/source/TARGET_CORTEX/mbed_rtos_rtx.o
    0x200045b4   0x0000001c   Zero   RW        31179    .bss.singleton_mutex_obj  BUILD/NUCLEO_F401RE/ARMC6/mbed-os/rtos/source/TARGET_CORTEX/mbed_rtos_rtx.o
    0x200045d0   0x000000fc   Zero   RW         9405    .bss.smpCb          BUILD/NUCLEO_F401RE/ARMC6/mbed-os/features/FEATURE_BLE/targets/TARGET_CORDIO/stack/ble-host/sources/stack/smp/smp_main.o
    0x200046cc   0x00000058   Zero   RW         9361    .bss.smpDbCb        BUILD/NUCLEO_F401RE/ARMC6/mbed-os/features/FEATURE_BLE/targets/TARGET_CORDIO/stack/ble-host/sources/stack/smp/smp_db.o
    0x20004724   0x00000001   Zero   RW         5179    .bss.stack_handler_id  BUILD/NUCLEO_F401RE/ARMC6/mbed-os/features/FEATURE_BLE/targets/TARGET_CORDIO/source/CordioBLE.o
    0x20004725   0x00000001   Zero   RW        29890    .bss.state_saved    BUILD/NUCLEO_F401RE/ARMC6/mbed-os/hal/mbed_critical_section_api.o
    0x20004726   0x00000002   PAD
    0x20004728   0x0000004c   Zero   RW        34401    .bss.stdio_uart     BUILD/NUCLEO_F401RE/ARMC6/mbed-os/targets/TARGET_STM/serial_api.o
    0x20004774   0x00000004   Zero   RW        34399    .bss.stdio_uart_inited  BUILD/NUCLEO_F401RE/ARMC6/mbed-os/targets/TARGET_STM/serial_api.o
    0x20004778   0x00000004   Zero   RW        31216    .bss.terminate_hook  BUILD/NUCLEO_F401RE/ARMC6/mbed-os/rtos/source/TARGET_CORTEX/mbed_rtx_handlers.o
    0x2000477c   0x00000004   Zero   RW        34493    .bss.timer_ccr1_reg  BUILD/NUCLEO_F401RE/ARMC6/mbed-os/targets/TARGET_STM/us_ticker.o
    0x20004780   0x00000004   Zero   RW        34492    .bss.timer_cnt_reg  BUILD/NUCLEO_F401RE/ARMC6/mbed-os/targets/TARGET_STM/us_ticker.o
    0x20004784   0x00000004   Zero   RW        34494    .bss.timer_dier_reg  BUILD/NUCLEO_F401RE/ARMC6/mbed-os/targets/TARGET_STM/us_ticker.o
    0x20004788   0x000000c0   Zero   RW        34103    .bss.uart_handlers  BUILD/NUCLEO_F401RE/ARMC6/mbed-os/targets/TARGET_STM/TARGET_STM32F4/serial_device.o
    0x20004848   0x00000040   Zero   RW        34592    .bss.updateSensors  BUILD/NUCLEO_F401RE/ARMC6/source/main.o
    0x20004888   0x00000028   Zero   RW        34587    .bss.uuid_list      BUILD/NUCLEO_F401RE/ARMC6/source/main.o
    0x200048b0   0x00000004   Zero   RW         9797    .bss.wsfBufMem      BUILD/NUCLEO_F401RE/ARMC6/mbed-os/features/FEATURE_BLE/targets/TARGET_CORDIO/stack/wsf/sources/port/baremetal/wsf_buf.o
    0x200048b4   0x00000004   Zero   RW         9799    .bss.wsfBufMemLen   BUILD/NUCLEO_F401RE/ARMC6/mbed-os/features/FEATURE_BLE/targets/TARGET_CORDIO/stack/wsf/sources/port/baremetal/wsf_buf.o
    0x200048b8   0x00000001   Zero   RW         9798    .bss.wsfBufNumPools  BUILD/NUCLEO_F401RE/ARMC6/mbed-os/features/FEATURE_BLE/targets/TARGET_CORDIO/stack/wsf/sources/port/baremetal/wsf_buf.o
    0x200048b9   0x00000003   PAD
    0x200048bc   0x0000006c   Zero   RW        10158    .bss.wsfOs          BUILD/NUCLEO_F401RE/ARMC6/mbed-os/features/FEATURE_BLE/targets/TARGET_CORDIO/stack_adaptation/wsf_os.o
    0x20004928   0x00000004   Zero   RW         9938    .bss.wsfTimerRtcLastTicks  BUILD/NUCLEO_F401RE/ARMC6/mbed-os/features/FEATURE_BLE/targets/TARGET_CORDIO/stack/wsf/sources/port/baremetal/wsf_timer.o
    0x2000492c   0x00000004   Zero   RW         9939    .bss.wsfTimerRtcRemainder  BUILD/NUCLEO_F401RE/ARMC6/mbed-os/features/FEATURE_BLE/targets/TARGET_CORDIO/stack/wsf/sources/port/baremetal/wsf_timer.o
    0x20004930   0x00000008   Zero   RW         9937    .bss.wsfTimerTimerQueue  BUILD/NUCLEO_F401RE/ARMC6/mbed-os/features/FEATURE_BLE/targets/TARGET_CORDIO/stack/wsf/sources/port/baremetal/wsf_timer.o


    Execution Region ARM_LIB_STACK (Base: 0x20017c00, Size: 0x00000400, Max: 0x00000400, ABSOLUTE)

    Base Addr    Size         Type   Attr      Idx    E Section Name        Object

    0x20017c00   0x00000400   Zero   RW            1    ARM_LIB_STACK.bss   anon$$obj.o


==============================================================================

Image component sizes


      Code (inc. data)   RO Data    RW Data    ZI Data      Debug   

    135934       4414       9185        472      18524     121368   Object Totals
         0          0         32          0       1024          0   (incl. Generated)
       378          0         14          0         69          0   (incl. Padding)
     11582        570        555         16        348       8720   Library Totals
        28          0          3          0          0          0   (incl. Padding)

==============================================================================


      Code (inc. data)   RO Data    RW Data    ZI Data      Debug   

    147516       4984       9740        488      18872     121192   Grand Totals
    147516       4984       9740        144      18872     121192   ELF Image Totals (compressed)
    147516       4984       9740        144          0          0   ROM Totals

==============================================================================

    Total RO  Size (Code + RO Data)               157256 ( 153.57kB)
    Total RW  Size (RW Data + ZI Data)             19360 (  18.91kB)
    Total ROM Size (Code + RO Data + RW Data)     157400 ( 153.71kB)

==============================================================================

